../Core/Src/main.c:106:6:HAL_CAN_RxFifo1MsgPendingCallback	24	static,ignoring_inline_asm
../Core/Src/main.c:124:5:main	24	static
../Core/Src/main.c:218:6:SystemClock_Config	72	static
../Core/Src/main.c:258:13:MX_CAN_Init	8	static
../Core/Src/main.c:296:13:MX_TIM2_Init	64	static
../Core/Src/main.c:355:13:MX_TIM3_Init	56	static
../Core/Src/main.c:404:13:MX_GPIO_Init	40	static
../Core/Src/main.c:433:6:Task_ControlMotor	72	static
../Core/Src/main.c:495:6:Task_ReadEncoder	16	static
../Core/Src/main.c:506:6:Task_SendMessage	16	static
../Core/Src/main.c:517:6:Task_ReceiveMessage	24	static
../Core/Src/main.c:540:6:HAL_TIM_PeriodElapsedCallback	16	static
../Core/Src/main.c:558:6:Error_Handler	4	static,ignoring_inline_asm
