../Core/Src/main.c:110:6:HAL_CAN_RxFifo1MsgPendingCallback	24	static,ignoring_inline_asm
../Core/Src/main.c:127:5:main	24	static
../Core/Src/main.c:220:6:SystemClock_Config	72	static
../Core/Src/main.c:260:13:MX_CAN_Init	8	static
../Core/Src/main.c:297:13:MX_I2C1_Init	8	static
../Core/Src/main.c:331:13:MX_TIM2_Init	56	static
../Core/Src/main.c:380:13:MX_GPIO_Init	24	static
../Core/Src/main.c:398:6:Task_ReadPotentiometer	16	static
../Core/Src/main.c:408:6:Task_SendMessage	16	static
../Core/Src/main.c:420:6:Task_Display	40	static
../Core/Src/main.c:442:6:Task_ReceiveMessage	24	static
../Core/Src/main.c:462:6:HAL_TIM_PeriodElapsedCallback	16	static
../Core/Src/main.c:480:6:Error_Handler	4	static,ignoring_inline_asm
