../Core/Src/main.c:107:6:HAL_CAN_RxFifo1MsgPendingCallback	16	static
../Core/Src/main.c:125:5:main	16	static
../Core/Src/main.c:219:6:SystemClock_Config	72	static
../Core/Src/main.c:259:13:MX_CAN_Init	8	static
../Core/Src/main.c:297:13:MX_TIM2_Init	64	static
../Core/Src/main.c:356:13:MX_TIM3_Init	56	static
../Core/Src/main.c:405:13:MX_GPIO_Init	40	static
../Core/Src/main.c:444:6:Task_ControlMotor	72	static
../Core/Src/main.c:505:6:Task_ReadEncoder	16	static
../Core/Src/main.c:516:6:Task_ToggleLED	16	static
../Core/Src/main.c:523:6:Task_SendMessage	16	static
../Core/Src/main.c:534:6:Task_ReceiveMessage	24	static
../Core/Src/main.c:555:6:HAL_TIM_PeriodElapsedCallback	16	static
../Core/Src/main.c:573:6:Error_Handler	4	static,ignoring_inline_asm
