Archive member included to satisfy reference by file (symbol)

/opt/st/stm32cubeide_1.18.0/plugins/com.st.stm32cube.ide.mcu.externaltools.gnu-tools-for-stm32.13.3.rel1.linux64_1.0.0.202410170706/tools/bin/../lib/gcc/arm-none-eabi/13.3.1/../../../../arm-none-eabi/lib/thumb/v7-m/nofp/libc_nano.a(libc_a-exit.o)
                              /opt/st/stm32cubeide_1.18.0/plugins/com.st.stm32cube.ide.mcu.externaltools.gnu-tools-for-stm32.13.3.rel1.linux64_1.0.0.202410170706/tools/bin/../lib/gcc/arm-none-eabi/13.3.1/../../../../arm-none-eabi/lib/thumb/v7-m/nofp/crt0.o (exit)
/opt/st/stm32cubeide_1.18.0/plugins/com.st.stm32cube.ide.mcu.externaltools.gnu-tools-for-stm32.13.3.rel1.linux64_1.0.0.202410170706/tools/bin/../lib/gcc/arm-none-eabi/13.3.1/../../../../arm-none-eabi/lib/thumb/v7-m/nofp/libc_nano.a(libc_a-findfp.o)
                              ./Middlewares/Third_Party/FreeRTOS/Source/tasks.o (__sf)
/opt/st/stm32cubeide_1.18.0/plugins/com.st.stm32cube.ide.mcu.externaltools.gnu-tools-for-stm32.13.3.rel1.linux64_1.0.0.202410170706/tools/bin/../lib/gcc/arm-none-eabi/13.3.1/../../../../arm-none-eabi/lib/thumb/v7-m/nofp/libc_nano.a(libc_a-fwalk.o)
                              /opt/st/stm32cubeide_1.18.0/plugins/com.st.stm32cube.ide.mcu.externaltools.gnu-tools-for-stm32.13.3.rel1.linux64_1.0.0.202410170706/tools/bin/../lib/gcc/arm-none-eabi/13.3.1/../../../../arm-none-eabi/lib/thumb/v7-m/nofp/libc_nano.a(libc_a-findfp.o) (_fwalk_sglue)
/opt/st/stm32cubeide_1.18.0/plugins/com.st.stm32cube.ide.mcu.externaltools.gnu-tools-for-stm32.13.3.rel1.linux64_1.0.0.202410170706/tools/bin/../lib/gcc/arm-none-eabi/13.3.1/../../../../arm-none-eabi/lib/thumb/v7-m/nofp/libc_nano.a(libc_a-sprintf.o)
                              ./Core/Src/main.o (sprintf)
/opt/st/stm32cubeide_1.18.0/plugins/com.st.stm32cube.ide.mcu.externaltools.gnu-tools-for-stm32.13.3.rel1.linux64_1.0.0.202410170706/tools/bin/../lib/gcc/arm-none-eabi/13.3.1/../../../../arm-none-eabi/lib/thumb/v7-m/nofp/libc_nano.a(libc_a-stdio.o)
                              /opt/st/stm32cubeide_1.18.0/plugins/com.st.stm32cube.ide.mcu.externaltools.gnu-tools-for-stm32.13.3.rel1.linux64_1.0.0.202410170706/tools/bin/../lib/gcc/arm-none-eabi/13.3.1/../../../../arm-none-eabi/lib/thumb/v7-m/nofp/libc_nano.a(libc_a-findfp.o) (__sread)
/opt/st/stm32cubeide_1.18.0/plugins/com.st.stm32cube.ide.mcu.externaltools.gnu-tools-for-stm32.13.3.rel1.linux64_1.0.0.202410170706/tools/bin/../lib/gcc/arm-none-eabi/13.3.1/../../../../arm-none-eabi/lib/thumb/v7-m/nofp/libc_nano.a(libc_a-memset.o)
                              /opt/st/stm32cubeide_1.18.0/plugins/com.st.stm32cube.ide.mcu.externaltools.gnu-tools-for-stm32.13.3.rel1.linux64_1.0.0.202410170706/tools/bin/../lib/gcc/arm-none-eabi/13.3.1/../../../../arm-none-eabi/lib/thumb/v7-m/nofp/crt0.o (memset)
/opt/st/stm32cubeide_1.18.0/plugins/com.st.stm32cube.ide.mcu.externaltools.gnu-tools-for-stm32.13.3.rel1.linux64_1.0.0.202410170706/tools/bin/../lib/gcc/arm-none-eabi/13.3.1/../../../../arm-none-eabi/lib/thumb/v7-m/nofp/libc_nano.a(libc_a-closer.o)
                              /opt/st/stm32cubeide_1.18.0/plugins/com.st.stm32cube.ide.mcu.externaltools.gnu-tools-for-stm32.13.3.rel1.linux64_1.0.0.202410170706/tools/bin/../lib/gcc/arm-none-eabi/13.3.1/../../../../arm-none-eabi/lib/thumb/v7-m/nofp/libc_nano.a(libc_a-stdio.o) (_close_r)
/opt/st/stm32cubeide_1.18.0/plugins/com.st.stm32cube.ide.mcu.externaltools.gnu-tools-for-stm32.13.3.rel1.linux64_1.0.0.202410170706/tools/bin/../lib/gcc/arm-none-eabi/13.3.1/../../../../arm-none-eabi/lib/thumb/v7-m/nofp/libc_nano.a(libc_a-reent.o)
                              ./Middlewares/Third_Party/FreeRTOS/Source/tasks.o (_reclaim_reent)
/opt/st/stm32cubeide_1.18.0/plugins/com.st.stm32cube.ide.mcu.externaltools.gnu-tools-for-stm32.13.3.rel1.linux64_1.0.0.202410170706/tools/bin/../lib/gcc/arm-none-eabi/13.3.1/../../../../arm-none-eabi/lib/thumb/v7-m/nofp/libc_nano.a(libc_a-impure.o)
                              ./Middlewares/Third_Party/FreeRTOS/Source/tasks.o (_impure_ptr)
/opt/st/stm32cubeide_1.18.0/plugins/com.st.stm32cube.ide.mcu.externaltools.gnu-tools-for-stm32.13.3.rel1.linux64_1.0.0.202410170706/tools/bin/../lib/gcc/arm-none-eabi/13.3.1/../../../../arm-none-eabi/lib/thumb/v7-m/nofp/libc_nano.a(libc_a-lseekr.o)
                              /opt/st/stm32cubeide_1.18.0/plugins/com.st.stm32cube.ide.mcu.externaltools.gnu-tools-for-stm32.13.3.rel1.linux64_1.0.0.202410170706/tools/bin/../lib/gcc/arm-none-eabi/13.3.1/../../../../arm-none-eabi/lib/thumb/v7-m/nofp/libc_nano.a(libc_a-stdio.o) (_lseek_r)
/opt/st/stm32cubeide_1.18.0/plugins/com.st.stm32cube.ide.mcu.externaltools.gnu-tools-for-stm32.13.3.rel1.linux64_1.0.0.202410170706/tools/bin/../lib/gcc/arm-none-eabi/13.3.1/../../../../arm-none-eabi/lib/thumb/v7-m/nofp/libc_nano.a(libc_a-readr.o)
[...]
Memory Configuration

Name             Origin             Length             Attributes
RAM              0x20000000         0x00005000         xrw
FLASH            0x08000000         0x00020000         xr
*default*        0x00000000         0xffffffff

Linker script and memory map

LOAD /opt/st/stm32cubeide_1.18.0/plugins/com.st.stm32cube.ide.mcu.externaltools.gnu-tools-for-stm32.13.3.rel1.linux64_1.0.0.202410170706/tools/bin/../lib/gcc/arm-none-eabi/13.3.1/thumb/v7-m/nofp/crti.o
LOAD /opt/st/stm32cubeide_1.18.0/plugins/com.st.stm32cube.ide.mcu.externaltools.gnu-tools-for-stm32.13.3.rel1.linux64_1.0.0.202410170706/tools/bin/../lib/gcc/arm-none-eabi/13.3.1/thumb/v7-m/nofp/crtbegin.o
LOAD /opt/st/stm32cubeide_1.18.0/plugins/com.st.stm32cube.ide.mcu.externaltools.gnu-tools-for-stm32.13.3.rel1.linux64_1.0.0.202410170706/tools/bin/../lib/gcc/arm-none-eabi/13.3.1/../../../../arm-none-eabi/lib/thumb/v7-m/nofp/crt0.o
LOAD ./Core/Src/fonts.o
LOAD ./Core/Src/freertos.o
LOAD ./Core/Src/main.o
LOAD ./Core/Src/ssd1306.o
LOAD ./Core/Src/stm32f1xx_hal_msp.o
LOAD ./Core/Src/stm32f1xx_hal_timebase_tim.o
LOAD ./Core/Src/stm32f1xx_it.o
LOAD ./Core/Src/syscalls.o
LOAD ./Core/Src/sysmem.o
LOAD ./Core/Src/system_stm32f1xx.o
LOAD ./Core/Startup/startup_stm32f103cbtx.o
LOAD ./Drivers/STM32F1xx_HAL_Driver/Src/stm32f1xx_hal.o
LOAD ./Drivers/STM32F1xx_HAL_Driver/Src/stm32f1xx_hal_can.o
LOAD ./Drivers/STM32F1xx_HAL_Driver/Src/stm32f1xx_hal_cortex.o
LOAD ./Drivers/STM32F1xx_HAL_Driver/Src/stm32f1xx_hal_dma.o
LOAD ./Drivers/STM32F1xx_HAL_Driver/Src/stm32f1xx_hal_exti.o
LOAD ./Drivers/STM32F1xx_HAL_Driver/Src/stm32f1xx_hal_flash.o
LOAD ./Drivers/STM32F1xx_HAL_Driver/Src/stm32f1xx_hal_flash_ex.o
LOAD ./Drivers/STM32F1xx_HAL_Driver/Src/stm32f1xx_hal_gpio.o
LOAD ./Drivers/STM32F1xx_HAL_Driver/Src/stm32f1xx_hal_gpio_ex.o
LOAD ./Drivers/STM32F1xx_HAL_Driver/Src/stm32f1xx_hal_i2c.o
LOAD ./Drivers/STM32F1xx_HAL_Driver/Src/stm32f1xx_hal_pwr.o
LOAD ./Drivers/STM32F1xx_HAL_Driver/Src/stm32f1xx_hal_rcc.o
LOAD ./Drivers/STM32F1xx_HAL_Driver/Src/stm32f1xx_hal_rcc_ex.o
LOAD ./Drivers/STM32F1xx_HAL_Driver/Src/stm32f1xx_hal_tim.o
LOAD ./Drivers/STM32F1xx_HAL_Driver/Src/stm32f1xx_hal_tim_ex.o
LOAD ./Middlewares/Third_Party/FreeRTOS/Source/CMSIS_RTOS/cmsis_os.o
LOAD ./Middlewares/Third_Party/FreeRTOS/Source/croutine.o
LOAD ./Middlewares/Third_Party/FreeRTOS/Source/event_groups.o
LOAD ./Middlewares/Third_Party/FreeRTOS/Source/list.o
LOAD ./Middlewares/Third_Party/FreeRTOS/Source/queue.o
LOAD ./Middlewares/Third_Party/FreeRTOS/Source/stream_buffer.o
LOAD ./Middlewares/Third_Party/FreeRTOS/Source/tasks.o
LOAD ./Middlewares/Third_Party/FreeRTOS/Source/timers.o
LOAD ./Middlewares/Third_Party/FreeRTOS/Source/portable/GCC/ARM_CM3/port.o
LOAD ./Middlewares/Third_Party/FreeRTOS/Source/portable/MemMang/heap_4.o
START GROUP
LOAD /opt/st/stm32cubeide_1.18.0/plugins/com.st.stm32cube.ide.mcu.externaltools.gnu-tools-for-stm32.13.3.rel1.linux64_1.0.0.202410170706/tools/bin/../lib/gcc/arm-none-eabi/13.3.1/../../../../arm-none-eabi/lib/thumb/v7-m/nofp/libc_nano.a
LOAD /opt/st/stm32cubeide_1.18.0/plugins/com.st.stm32cube.ide.mcu.externaltools.gnu-tools-for-stm32.13.3.rel1.linux64_1.0.0.202410170706/tools/bin/../lib/gcc/arm-none-eabi/13.3.1/../../../../arm-none-eabi/lib/thumb/v7-m/nofp/libm.a
END GROUP
START GROUP
LOAD /opt/st/stm32cubeide_1.18.0/plugins/com.st.stm32cube.ide.mcu.externaltools.gnu-tools-for-stm32.13.3.rel1.linux64_1.0.0.202410170706/tools/bin/../lib/gcc/arm-none-eabi/13.3.1/thumb/v7-m/nofp/libgcc.a
LOAD /opt/st/stm32cubeide_1.18.0/plugins/com.st.stm32cube.ide.mcu.externaltools.gnu-tools-for-stm32.13.3.rel1.linux64_1.0.0.202410170706/tools/bin/../lib/gcc/arm-none-eabi/13.3.1/../../../../arm-none-eabi/lib/thumb/v7-m/nofp/libc_nano.a
END GROUP
START GROUP
LOAD /opt/st/stm32cubeide_1.18.0/plugins/com.st.stm32cube.ide.mcu.externaltools.gnu-tools-for-stm32.13.3.rel1.linux64_1.0.0.202410170706/tools/bin/../lib/gcc/arm-none-eabi/13.3.1/thumb/v7-m/nofp/libgcc.a
LOAD /opt/st/stm32cubeide_1.18.0/plugins/com.st.stm32cube.ide.mcu.externaltools.gnu-tools-for-stm32.13.3.rel1.linux64_1.0.0.202410170706/tools/bin/../lib/gcc/arm-none-eabi/13.3.1/../../../../arm-none-eabi/lib/thumb/v7-m/nofp/libc_nano.a
LOAD /opt/st/stm32cubeide_1.18.0/plugins/com.st.stm32cube.ide.mcu.externaltools.gnu-tools-for-stm32.13.3.rel1.linux64_1.0.0.202410170706/tools/bin/../lib/gcc/arm-none-eabi/13.3.1/../../../../arm-none-eabi/lib/thumb/v7-m/nofp/libnosys.a
END GROUP
START GROUP
LOAD /opt/st/stm32cubeide_1.18.0/plugins/com.st.stm32cube.ide.mcu.externaltools.gnu-tools-for-stm32.13.3.rel1.linux64_1.0.0.202410170706/tools/bin/../lib/gcc/arm-none-eabi/13.3.1/thumb/v7-m/nofp/libgcc.a
LOAD /opt/st/stm32cubeide_1.18.0/plugins/com.st.stm32cube.ide.mcu.externaltools.gnu-tools-for-stm32.13.3.rel1.linux64_1.0.0.202410170706/tools/bin/../lib/gcc/arm-none-eabi/13.3.1/../../../../arm-none-eabi/lib/thumb/v7-m/nofp/libc_nano.a
LOAD /opt/st/stm32cubeide_1.18.0/plugins/com.st.stm32cube.ide.mcu.externaltools.gnu-tools-for-stm32.13.3.rel1.linux64_1.0.0.202410170706/tools/bin/../lib/gcc/arm-none-eabi/13.3.1/../../../../arm-none-eabi/lib/thumb/v7-m/nofp/libnosys.a
END GROUP
LOAD /opt/st/stm32cubeide_1.18.0/plugins/com.st.stm32cube.ide.mcu.externaltools.gnu-tools-for-stm32.13.3.rel1.linux64_1.0.0.202410170706/tools/bin/../lib/gcc/arm-none-eabi/13.3.1/thumb/v7-m/nofp/crtend.o
LOAD /opt/st/stm32cubeide_1.18.0/plugins/com.st.stm32cube.ide.mcu.externaltools.gnu-tools-for-stm32.13.3.rel1.linux64_1.0.0.202410170706/tools/bin/../lib/gcc/arm-none-eabi/13.3.1/thumb/v7-m/nofp/crtn.o
                0x20005000                        _estack = (ORIGIN (RAM) + LENGTH (RAM))
                0x00000200                        _Min_Heap_Size = 0x200
                0x00000400                        _Min_Stack_Size = 0x400

.isr_vector     0x08000000      0x10c
                0x08000000                        . = ALIGN (0x4)
 *(.isr_vector)
 .isr_vector    0x08000000      0x10c ./Core/Startup/startup_stm32f103cbtx.o
                0x08000000                g_pfnVectors
                0x0800010c                        . = ALIGN (0x4)

.text           0x08000110     0x731c
                0x08000110                        . = ALIGN (0x4)
 *(.text)
 .text          0x08000110       0x40 /opt/st/stm32cubeide_1.18.0/plugins/com.st.stm32cube.ide.mcu.externaltools.gnu-tools-for-stm32.13.3.rel1.linux64_1.0.0.202410170706/tools/bin/../lib/gcc/arm-none-eabi/13.3.1/thumb/v7-m/nofp/crtbegin.o
 *(.text*)
 .text.vApplicationGetIdleTaskMemory
                0x08000150       0x30 ./Core/Src/freertos.o
                0x08000150                vApplicationGetIdleTaskMemory
 .text.HAL_CAN_RxFifo1MsgPendingCallback
                0x08000180       0x30 ./Core/Src/main.o
                0x08000180                HAL_CAN_RxFifo1MsgPendingCallback
 .text.main     0x080001b0      0x188 ./Core/Src/main.o
                0x080001b0                main
 .text.SystemClock_Config
                0x08000338       0x8a ./Core/Src/main.o
                0x08000338                SystemClock_Config
 *fill*         0x080003c2        0x2 
 .text.MX_CAN_Init
                0x080003c4       0x6c ./Core/Src/main.o
 .text.MX_I2C1_Init
                0x08000430       0x5c ./Core/Src/main.o
 .text.MX_TIM2_Init
                0x0800048c       0xec ./Core/Src/main.o
 .text.MX_TIM3_Init
                0x08000578       0xa8 ./Core/Src/main.o
 .text.MX_GPIO_Init
                0x08000620       0xbc ./Core/Src/main.o
 .text.Task_ControlMotor
                0x080006dc       0xb8 ./Core/Src/main.o
                0x080006dc                Task_ControlMotor
 .text.Task_Display
                0x08000794       0x74 ./Core/Src/main.o
                0x08000794                Task_Display
 .text.Task_ReadEncoder
                0x08000808       0x90 ./Core/Src/main.o
                0x08000808                Task_ReadEncoder
 .text.Task_ToggleLED
                0x08000898       0x28 ./Core/Src/main.o
                0x08000898                Task_ToggleLED
 .text.HAL_TIM_PeriodElapsedCallback
                0x080008c0       0x24 ./Core/Src/main.o
                0x080008c0                HAL_TIM_PeriodElapsedCallback
 .text.Error_Handler
                0x080008e4        0xc ./Core/Src/main.o
                0x080008e4                Error_Handler
 .text.SSD1306_Init
                0x080008f0      0x188 ./Core/Src/ssd1306.o
                0x080008f0                SSD1306_Init
 .text.SSD1306_UpdateScreen
                0x08000a78       0x5c ./Core/Src/ssd1306.o
                0x08000a78                SSD1306_UpdateScreen
 .text.SSD1306_Fill
                0x08000ad4       0x30 ./Core/Src/ssd1306.o
                0x08000ad4                SSD1306_Fill
 .text.SSD1306_DrawPixel
                0x08000b04       0xbc ./Core/Src/ssd1306.o
                0x08000b04                SSD1306_DrawPixel
 .text.SSD1306_GotoXY
                0x08000bc0       0x2c ./Core/Src/ssd1306.o
                0x08000bc0                SSD1306_GotoXY
 .text.SSD1306_Putc
                0x08000bec       0xfc ./Core/Src/ssd1306.o
                0x08000bec                SSD1306_Putc
 .text.SSD1306_Puts
                0x08000ce8       0x4a ./Core/Src/ssd1306.o
                0x08000ce8                SSD1306_Puts
 *fill*         0x08000d32        0x2 
 .text.ssd1306_I2C_Init
                0x08000d34       0x28 ./Core/Src/ssd1306.o
                0x08000d34                ssd1306_I2C_Init
 .text.ssd1306_I2C_WriteMulti
                0x08000d5c       0xcc ./Core/Src/ssd1306.o
                0x08000d5c                ssd1306_I2C_WriteMulti
 .text.ssd1306_I2C_Write
                0x08000e28       0x3c ./Core/Src/ssd1306.o
                0x08000e28                ssd1306_I2C_Write
 .text.HAL_MspInit
                0x08000e64       0x70 ./Core/Src/stm32f1xx_hal_msp.o
                0x08000e64                HAL_MspInit
 .text.HAL_CAN_MspInit
                0x08000ed4       0xd0 ./Core/Src/stm32f1xx_hal_msp.o
                0x08000ed4                HAL_CAN_MspInit
 .text.HAL_I2C_MspInit
                0x08000fa4       0x7c ./Core/Src/stm32f1xx_hal_msp.o
                0x08000fa4                HAL_I2C_MspInit
 .text.HAL_TIM_Base_MspInit
                0x08001020       0x38 ./Core/Src/stm32f1xx_hal_msp.o
                0x08001020                HAL_TIM_Base_MspInit
 .text.HAL_TIM_Encoder_MspInit
                0x08001058       0xa4 ./Core/Src/stm32f1xx_hal_msp.o
                0x08001058                HAL_TIM_Encoder_MspInit
 .text.HAL_TIM_MspPostInit
                0x080010fc       0x60 ./Core/Src/stm32f1xx_hal_msp.o
                0x080010fc                HAL_TIM_MspPostInit
 .text.HAL_InitTick
                0x0800115c       0xe4 ./Core/Src/stm32f1xx_hal_timebase_tim.o
                0x0800115c                HAL_InitTick
 .text.NMI_Handler
                0x08001240        0x8 ./Core/Src/stm32f1xx_it.o
                0x08001240                NMI_Handler
 .text.HardFault_Handler
                0x08001248        0x8 ./Core/Src/stm32f1xx_it.o
                0x08001248                HardFault_Handler
 .text.MemManage_Handler
                0x08001250        0x8 ./Core/Src/stm32f1xx_it.o
                0x08001250                MemManage_Handler
 .text.BusFault_Handler
                0x08001258        0x8 ./Core/Src/stm32f1xx_it.o
                0x08001258                BusFault_Handler
 .text.UsageFault_Handler
                0x08001260        0x8 ./Core/Src/stm32f1xx_it.o
                0x08001260                UsageFault_Handler
 .text.DebugMon_Handler
                0x08001268        0xc ./Core/Src/stm32f1xx_it.o
                0x08001268                DebugMon_Handler
 .text.CAN1_RX1_IRQHandler
                0x08001274       0x14 ./Core/Src/stm32f1xx_it.o
                0x08001274                CAN1_RX1_IRQHandler
 .text.TIM1_UP_IRQHandler
                0x08001288       0x14 ./Core/Src/stm32f1xx_it.o
                0x08001288                TIM1_UP_IRQHandler
 .text._sbrk    0x0800129c       0x6c ./Core/Src/sysmem.o
                0x0800129c                _sbrk
 .text.SystemInit
                0x08001308        0xc ./Core/Src/system_stm32f1xx.o
                0x08001308                SystemInit
 .text.Reset_Handler
                0x08001314       0x48 ./Core/Startup/startup_stm32f103cbtx.o
                0x08001314                Reset_Handler
 .text.Default_Handler
                0x0800135c        0x2 ./Core/Startup/startup_stm32f103cbtx.o
                0x0800135c                RTC_Alarm_IRQHandler
                0x0800135c                EXTI2_IRQHandler
                0x0800135c                TIM1_CC_IRQHandler
                0x0800135c                PVD_IRQHandler
                0x0800135c                EXTI3_IRQHandler
                0x0800135c                EXTI0_IRQHandler
                0x0800135c                I2C2_EV_IRQHandler
                0x0800135c                ADC1_2_IRQHandler
                0x0800135c                SPI1_IRQHandler
                0x0800135c                TAMPER_IRQHandler
                0x0800135c                DMA1_Channel4_IRQHandler
                0x0800135c                USART3_IRQHandler
                0x0800135c                RTC_IRQHandler
                0x0800135c                DMA1_Channel7_IRQHandler
                0x0800135c                TIM4_IRQHandler
                0x0800135c                I2C1_EV_IRQHandler
                0x0800135c                DMA1_Channel6_IRQHandler
                0x0800135c                TIM3_IRQHandler
                0x0800135c                RCC_IRQHandler
                0x0800135c                TIM1_TRG_COM_IRQHandler
                0x0800135c                DMA1_Channel1_IRQHandler
                0x0800135c                Default_Handler
                0x0800135c                EXTI15_10_IRQHandler
                0x0800135c                EXTI9_5_IRQHandler
                0x0800135c                SPI2_IRQHandler
                0x0800135c                DMA1_Channel5_IRQHandler
                0x0800135c                EXTI4_IRQHandler
                0x0800135c                USB_LP_CAN1_RX0_IRQHandler
                0x0800135c                USB_HP_CAN1_TX_IRQHandler
                0x0800135c                DMA1_Channel3_IRQHandler
                0x0800135c                WWDG_IRQHandler
                0x0800135c                TIM2_IRQHandler
                0x0800135c                TIM1_BRK_IRQHandler
                0x0800135c                EXTI1_IRQHandler
                0x0800135c                USART2_IRQHandler
                0x0800135c                I2C2_ER_IRQHandler
                0x0800135c                DMA1_Channel2_IRQHandler
                0x0800135c                CAN1_SCE_IRQHandler
                0x0800135c                FLASH_IRQHandler
                0x0800135c                USART1_IRQHandler
                0x0800135c                I2C1_ER_IRQHandler
                0x0800135c                USBWakeUp_IRQHandler
 *fill*         0x0800135e        0x2 
 .text.HAL_Init
                0x08001360       0x2c ./Drivers/STM32F1xx_HAL_Driver/Src/stm32f1xx_hal.o
                0x08001360                HAL_Init
 .text.HAL_IncTick
                0x0800138c       0x24 ./Drivers/STM32F1xx_HAL_Driver/Src/stm32f1xx_hal.o
                0x0800138c                HAL_IncTick
 .text.HAL_GetTick
                0x080013b0       0x14 ./Drivers/STM32F1xx_HAL_Driver/Src/stm32f1xx_hal.o
                0x080013b0                HAL_GetTick
 .text.HAL_CAN_Init
                0x080013c4      0x1f6 ./Drivers/STM32F1xx_HAL_Driver/Src/stm32f1xx_hal_can.o
                0x080013c4                HAL_CAN_Init
 .text.HAL_CAN_ConfigFilter
                0x080015ba      0x192 ./Drivers/STM32F1xx_HAL_Driver/Src/stm32f1xx_hal_can.o
                0x080015ba                HAL_CAN_ConfigFilter
 .text.HAL_CAN_Start
                0x0800174c       0x88 ./Drivers/STM32F1xx_HAL_Driver/Src/stm32f1xx_hal_can.o
                0x0800174c                HAL_CAN_Start
 .text.HAL_CAN_GetRxMessage
                0x080017d4      0x242 ./Drivers/STM32F1xx_HAL_Driver/Src/stm32f1xx_hal_can.o
                0x080017d4                HAL_CAN_GetRxMessage
 .text.HAL_CAN_ActivateNotification
                0x08001a16       0x4a ./Drivers/STM32F1xx_HAL_Driver/Src/stm32f1xx_hal_can.o
                0x08001a16                HAL_CAN_ActivateNotification
 .text.HAL_CAN_IRQHandler
                0x08001a60      0x36e ./Drivers/STM32F1xx_HAL_Driver/Src/stm32f1xx_hal_can.o
                0x08001a60                HAL_CAN_IRQHandler
 .text.HAL_CAN_TxMailbox0CompleteCallback
                0x08001dce       0x12 ./Drivers/STM32F1xx_HAL_Driver/Src/stm32f1xx_hal_can.o
                0x08001dce                HAL_CAN_TxMailbox0CompleteCallback
 .text.HAL_CAN_TxMailbox1CompleteCallback
                0x08001de0       0x12 ./Drivers/STM32F1xx_HAL_Driver/Src/stm32f1xx_hal_can.o
                0x08001de0                HAL_CAN_TxMailbox1CompleteCallback
 .text.HAL_CAN_TxMailbox2CompleteCallback
                0x08001df2       0x12 ./Drivers/STM32F1xx_HAL_Driver/Src/stm32f1xx_hal_can.o
                0x08001df2                HAL_CAN_TxMailbox2CompleteCallback
 .text.HAL_CAN_TxMailbox0AbortCallback
                0x08001e04       0x12 ./Drivers/STM32F1xx_HAL_Driver/Src/stm32f1xx_hal_can.o
                0x08001e04                HAL_CAN_TxMailbox0AbortCallback
 .text.HAL_CAN_TxMailbox1AbortCallback
                0x08001e16       0x12 ./Drivers/STM32F1xx_HAL_Driver/Src/stm32f1xx_hal_can.o
                0x08001e16                HAL_CAN_TxMailbox1AbortCallback
 .text.HAL_CAN_TxMailbox2AbortCallback
                0x08001e28       0x12 ./Drivers/STM32F1xx_HAL_Driver/Src/stm32f1xx_hal_can.o
                0x08001e28                HAL_CAN_TxMailbox2AbortCallback
 .text.HAL_CAN_RxFifo0MsgPendingCallback
                0x08001e3a       0x12 ./Drivers/STM32F1xx_HAL_Driver/Src/stm32f1xx_hal_can.o
                0x08001e3a                HAL_CAN_RxFifo0MsgPendingCallback
 .text.HAL_CAN_RxFifo0FullCallback
                0x08001e4c       0x12 ./Drivers/STM32F1xx_HAL_Driver/Src/stm32f1xx_hal_can.o
                0x08001e4c                HAL_CAN_RxFifo0FullCallback
 .text.HAL_CAN_RxFifo1FullCallback
                0x08001e5e       0x12 ./Drivers/STM32F1xx_HAL_Driver/Src/stm32f1xx_hal_can.o
                0x08001e5e                HAL_CAN_RxFifo1FullCallback
 .text.HAL_CAN_SleepCallback
                0x08001e70       0x12 ./Drivers/STM32F1xx_HAL_Driver/Src/stm32f1xx_hal_can.o
                0x08001e70                HAL_CAN_SleepCallback
 .text.HAL_CAN_WakeUpFromRxMsgCallback
                0x08001e82       0x12 ./Drivers/STM32F1xx_HAL_Driver/Src/stm32f1xx_hal_can.o
                0x08001e82                HAL_CAN_WakeUpFromRxMsgCallback
 .text.HAL_CAN_ErrorCallback
                0x08001e94       0x12 ./Drivers/STM32F1xx_HAL_Driver/Src/stm32f1xx_hal_can.o
                0x08001e94                HAL_CAN_ErrorCallback
 *fill*         0x08001ea6        0x2 
 .text.__NVIC_SetPriorityGrouping
                0x08001ea8       0x48 ./Drivers/STM32F1xx_HAL_Driver/Src/stm32f1xx_hal_cortex.o
 .text.__NVIC_GetPriorityGrouping
                0x08001ef0       0x1c ./Drivers/STM32F1xx_HAL_Driver/Src/stm32f1xx_hal_cortex.o
 .text.__NVIC_EnableIRQ
                0x08001f0c       0x38 ./Drivers/STM32F1xx_HAL_Driver/Src/stm32f1xx_hal_cortex.o
 .text.__NVIC_SetPriority
                0x08001f44       0x54 ./Drivers/STM32F1xx_HAL_Driver/Src/stm32f1xx_hal_cortex.o
 .text.NVIC_EncodePriority
                0x08001f98       0x64 ./Drivers/STM32F1xx_HAL_Driver/Src/stm32f1xx_hal_cortex.o
 .text.HAL_NVIC_SetPriorityGrouping
                0x08001ffc       0x16 ./Drivers/STM32F1xx_HAL_Driver/Src/stm32f1xx_hal_cortex.o
                0x08001ffc                HAL_NVIC_SetPriorityGrouping
 .text.HAL_NVIC_SetPriority
                0x08002012       0x38 ./Drivers/STM32F1xx_HAL_Driver/Src/stm32f1xx_hal_cortex.o
                0x08002012                HAL_NVIC_SetPriority
 .text.HAL_NVIC_EnableIRQ
                0x0800204a       0x1c ./Drivers/STM32F1xx_HAL_Driver/Src/stm32f1xx_hal_cortex.o
                0x0800204a                HAL_NVIC_EnableIRQ
 *fill*         0x08002066        0x2 
 .text.HAL_GPIO_Init
                0x08002068      0x308 ./Drivers/STM32F1xx_HAL_Driver/Src/stm32f1xx_hal_gpio.o
                0x08002068                HAL_GPIO_Init
 .text.HAL_GPIO_WritePin
                0x08002370       0x30 ./Drivers/STM32F1xx_HAL_Driver/Src/stm32f1xx_hal_gpio.o
                0x08002370                HAL_GPIO_WritePin
 .text.HAL_GPIO_TogglePin
                0x080023a0       0x32 ./Drivers/STM32F1xx_HAL_Driver/Src/stm32f1xx_hal_gpio.o
                0x080023a0                HAL_GPIO_TogglePin
 *fill*         0x080023d2        0x2 
 .text.HAL_I2C_Init
                0x080023d4      0x288 ./Drivers/STM32F1xx_HAL_Driver/Src/stm32f1xx_hal_i2c.o
                0x080023d4                HAL_I2C_Init
 .text.HAL_I2C_Master_Transmit
                0x0800265c      0x1fc ./Drivers/STM32F1xx_HAL_Driver/Src/stm32f1xx_hal_i2c.o
                0x0800265c                HAL_I2C_Master_Transmit
 .text.HAL_I2C_IsDeviceReady
                0x08002858      0x25c ./Drivers/STM32F1xx_HAL_Driver/Src/stm32f1xx_hal_i2c.o
                0x08002858                HAL_I2C_IsDeviceReady
 .text.I2C_MasterRequestWrite
                0x08002ab4      0x104 ./Drivers/STM32F1xx_HAL_Driver/Src/stm32f1xx_hal_i2c.o
 .text.I2C_WaitOnFlagUntilTimeout
                0x08002bb8       0xf4 ./Drivers/STM32F1xx_HAL_Driver/Src/stm32f1xx_hal_i2c.o
 .text.I2C_WaitOnMasterAddressFlagUntilTimeout
                0x08002cac      0x140 ./Drivers/STM32F1xx_HAL_Driver/Src/stm32f1xx_hal_i2c.o
 .text.I2C_WaitOnTXEFlagUntilTimeout
                0x08002dec       0x90 ./Drivers/STM32F1xx_HAL_Driver/Src/stm32f1xx_hal_i2c.o
 .text.I2C_WaitOnBTFFlagUntilTimeout
                0x08002e7c       0x90 ./Drivers/STM32F1xx_HAL_Driver/Src/stm32f1xx_hal_i2c.o
 .text.I2C_IsAcknowledgeFailed
                0x08002f0c       0x5c ./Drivers/STM32F1xx_HAL_Driver/Src/stm32f1xx_hal_i2c.o
 .text.HAL_RCC_OscConfig
                0x08002f68      0x504 ./Drivers/STM32F1xx_HAL_Driver/Src/stm32f1xx_hal_rcc.o
                0x08002f68                HAL_RCC_OscConfig
 .text.HAL_RCC_ClockConfig
                0x0800346c      0x1d4 ./Drivers/STM32F1xx_HAL_Driver/Src/stm32f1xx_hal_rcc.o
                0x0800346c                HAL_RCC_ClockConfig
 .text.HAL_RCC_GetSysClockFreq
                0x08003640       0xa8 ./Drivers/STM32F1xx_HAL_Driver/Src/stm32f1xx_hal_rcc.o
                0x08003640                HAL_RCC_GetSysClockFreq
 .text.HAL_RCC_GetHCLKFreq
                0x080036e8       0x14 ./Drivers/STM32F1xx_HAL_Driver/Src/stm32f1xx_hal_rcc.o
                0x080036e8                HAL_RCC_GetHCLKFreq
 .text.HAL_RCC_GetPCLK1Freq
                0x080036fc       0x28 ./Drivers/STM32F1xx_HAL_Driver/Src/stm32f1xx_hal_rcc.o
                0x080036fc                HAL_RCC_GetPCLK1Freq
 .text.HAL_RCC_GetPCLK2Freq
                0x08003724       0x28 ./Drivers/STM32F1xx_HAL_Driver/Src/stm32f1xx_hal_rcc.o
                0x08003724                HAL_RCC_GetPCLK2Freq
 .text.HAL_RCC_GetClockConfig
                0x0800374c       0x60 ./Drivers/STM32F1xx_HAL_Driver/Src/stm32f1xx_hal_rcc.o
                0x0800374c                HAL_RCC_GetClockConfig
 .text.RCC_Delay
                0x080037ac       0x3c ./Drivers/STM32F1xx_HAL_Driver/Src/stm32f1xx_hal_rcc.o
 .text.HAL_TIM_Base_Init
                0x080037e8       0x9e ./Drivers/STM32F1xx_HAL_Driver/Src/stm32f1xx_hal_tim.o
                0x080037e8                HAL_TIM_Base_Init
 *fill*         0x08003886        0x2 
 .text.HAL_TIM_Base_Start_IT
                0x08003888       0xa4 ./Drivers/STM32F1xx_HAL_Driver/Src/stm32f1xx_hal_tim.o
                0x08003888                HAL_TIM_Base_Start_IT
 .text.HAL_TIM_PWM_Init
                0x0800392c       0x9e ./Drivers/STM32F1xx_HAL_Driver/Src/stm32f1xx_hal_tim.o
                0x0800392c                HAL_TIM_PWM_Init
 .text.HAL_TIM_PWM_MspInit
                0x080039ca       0x12 ./Drivers/STM32F1xx_HAL_Driver/Src/stm32f1xx_hal_tim.o
                0x080039ca                HAL_TIM_PWM_MspInit
 .text.HAL_TIM_PWM_Start
                0x080039dc      0x144 ./Drivers/STM32F1xx_HAL_Driver/Src/stm32f1xx_hal_tim.o
                0x080039dc                HAL_TIM_PWM_Start
 .text.HAL_TIM_Encoder_Init
                0x08003b20      0x144 ./Drivers/STM32F1xx_HAL_Driver/Src/stm32f1xx_hal_tim.o
                0x08003b20                HAL_TIM_Encoder_Init
 .text.HAL_TIM_Encoder_Start
                0x08003c64      0x11c ./Drivers/STM32F1xx_HAL_Driver/Src/stm32f1xx_hal_tim.o
                0x08003c64                HAL_TIM_Encoder_Start
 .text.HAL_TIM_IRQHandler
                0x08003d80      0x1e0 ./Drivers/STM32F1xx_HAL_Driver/Src/stm32f1xx_hal_tim.o
                0x08003d80                HAL_TIM_IRQHandler
 .text.HAL_TIM_PWM_ConfigChannel
                0x08003f60      0x184 ./Drivers/STM32F1xx_HAL_Driver/Src/stm32f1xx_hal_tim.o
                0x08003f60                HAL_TIM_PWM_ConfigChannel
 .text.HAL_TIM_ConfigClockSource
                0x080040e4      0x18e ./Drivers/STM32F1xx_HAL_Driver/Src/stm32f1xx_hal_tim.o
                0x080040e4                HAL_TIM_ConfigClockSource
 .text.HAL_TIM_OC_DelayElapsedCallback
                0x08004272       0x12 ./Drivers/STM32F1xx_HAL_Driver/Src/stm32f1xx_hal_tim.o
                0x08004272                HAL_TIM_OC_DelayElapsedCallback
 .text.HAL_TIM_IC_CaptureCallback
                0x08004284       0x12 ./Drivers/STM32F1xx_HAL_Driver/Src/stm32f1xx_hal_tim.o
                0x08004284                HAL_TIM_IC_CaptureCallback
 .text.HAL_TIM_PWM_PulseFinishedCallback
                0x08004296       0x12 ./Drivers/STM32F1xx_HAL_Driver/Src/stm32f1xx_hal_tim.o
                0x08004296                HAL_TIM_PWM_PulseFinishedCallback
 .text.HAL_TIM_TriggerCallback
                0x080042a8       0x12 ./Drivers/STM32F1xx_HAL_Driver/Src/stm32f1xx_hal_tim.o
                0x080042a8                HAL_TIM_TriggerCallback
 *fill*         0x080042ba        0x2 
 .text.TIM_Base_SetConfig
                0x080042bc       0xdc ./Drivers/STM32F1xx_HAL_Driver/Src/stm32f1xx_hal_tim.o
                0x080042bc                TIM_Base_SetConfig
 .text.TIM_OC1_SetConfig
                0x08004398       0xcc ./Drivers/STM32F1xx_HAL_Driver/Src/stm32f1xx_hal_tim.o
 .text.TIM_OC2_SetConfig
                0x08004464       0xd4 ./Drivers/STM32F1xx_HAL_Driver/Src/stm32f1xx_hal_tim.o
                0x08004464                TIM_OC2_SetConfig
 .text.TIM_OC3_SetConfig
                0x08004538       0xd4 ./Drivers/STM32F1xx_HAL_Driver/Src/stm32f1xx_hal_tim.o
 .text.TIM_OC4_SetConfig
                0x0800460c       0x9c ./Drivers/STM32F1xx_HAL_Driver/Src/stm32f1xx_hal_tim.o
 .text.TIM_TI1_ConfigInputStage
                0x080046a8       0x5c ./Drivers/STM32F1xx_HAL_Driver/Src/stm32f1xx_hal_tim.o
 .text.TIM_TI2_ConfigInputStage
                0x08004704       0x5e ./Drivers/STM32F1xx_HAL_Driver/Src/stm32f1xx_hal_tim.o
 .text.TIM_ITRx_SetConfig
                0x08004762       0x34 ./Drivers/STM32F1xx_HAL_Driver/Src/stm32f1xx_hal_tim.o
 .text.TIM_ETR_SetConfig
                0x08004796       0x3e ./Drivers/STM32F1xx_HAL_Driver/Src/stm32f1xx_hal_tim.o
                0x08004796                TIM_ETR_SetConfig
 .text.TIM_CCxChannelCmd
                0x080047d4       0x48 ./Drivers/STM32F1xx_HAL_Driver/Src/stm32f1xx_hal_tim.o
                0x080047d4                TIM_CCxChannelCmd
 .text.HAL_TIMEx_MasterConfigSynchronization
                0x0800481c       0xbc ./Drivers/STM32F1xx_HAL_Driver/Src/stm32f1xx_hal_tim_ex.o
                0x0800481c                HAL_TIMEx_MasterConfigSynchronization
 .text.HAL_TIMEx_CommutCallback
                0x080048d8       0x12 ./Drivers/STM32F1xx_HAL_Driver/Src/stm32f1xx_hal_tim_ex.o
                0x080048d8                HAL_TIMEx_CommutCallback
 .text.HAL_TIMEx_BreakCallback
                0x080048ea       0x12 ./Drivers/STM32F1xx_HAL_Driver/Src/stm32f1xx_hal_tim_ex.o
                0x080048ea                HAL_TIMEx_BreakCallback
 .text.vListInitialise
                0x080048fc       0x3e ./Middlewares/Third_Party/FreeRTOS/Source/list.o
                0x080048fc                vListInitialise
 .text.vListInitialiseItem
                0x0800493a       0x18 ./Middlewares/Third_Party/FreeRTOS/Source/list.o
                0x0800493a                vListInitialiseItem
 .text.vListInsertEnd
                0x08004952       0x46 ./Middlewares/Third_Party/FreeRTOS/Source/list.o
                0x08004952                vListInsertEnd
 .text.vListInsert
                0x08004998       0x70 ./Middlewares/Third_Party/FreeRTOS/Source/list.o
                0x08004998                vListInsert
 .text.uxListRemove
                0x08004a08       0x52 ./Middlewares/Third_Party/FreeRTOS/Source/list.o
                0x08004a08                uxListRemove
 *fill*         0x08004a5a        0x2 
 .text.xQueueGenericReset
                0x08004a5c       0xd4 ./Middlewares/Third_Party/FreeRTOS/Source/queue.o
                0x08004a5c                xQueueGenericReset
 .text.xQueueGenericCreate
                0x08004b30       0x76 ./Middlewares/Third_Party/FreeRTOS/Source/queue.o
                0x08004b30                xQueueGenericCreate
 .text.prvInitialiseNewQueue
                0x08004ba6       0x3e ./Middlewares/Third_Party/FreeRTOS/Source/queue.o
 .text.prvInitialiseMutex
                0x08004be4       0x34 ./Middlewares/Third_Party/FreeRTOS/Source/queue.o
 .text.xQueueCreateMutex
                0x08004c18       0x30 ./Middlewares/Third_Party/FreeRTOS/Source/queue.o
                0x08004c18                xQueueCreateMutex
 .text.xQueueGenericSend
                0x08004c48      0x204 ./Middlewares/Third_Party/FreeRTOS/Source/queue.o
                0x08004c48                xQueueGenericSend
 .text.xQueueSemaphoreTake
                0x08004e4c      0x220 ./Middlewares/Third_Party/FreeRTOS/Source/queue.o
                0x08004e4c                xQueueSemaphoreTake
 .text.prvGetDisinheritPriorityAfterTimeout
                0x0800506c       0x2e ./Middlewares/Third_Party/FreeRTOS/Source/queue.o
 .text.prvCopyDataToQueue
                0x0800509a       0xd4 ./Middlewares/Third_Party/FreeRTOS/Source/queue.o
 .text.prvUnlockQueue
                0x0800516e       0xa4 ./Middlewares/Third_Party/FreeRTOS/Source/queue.o
 .text.prvIsQueueEmpty
                0x08005212       0x2c ./Middlewares/Third_Party/FreeRTOS/Source/queue.o
 .text.prvIsQueueFull
                0x0800523e       0x30 ./Middlewares/Third_Party/FreeRTOS/Source/queue.o
 .text.xTaskCreateStatic
                0x0800526e       0xc0 ./Middlewares/Third_Party/FreeRTOS/Source/tasks.o
                0x0800526e                xTaskCreateStatic
 .text.xTaskCreate
                0x0800532e       0x8a ./Middlewares/Third_Party/FreeRTOS/Source/tasks.o
                0x0800532e                xTaskCreate
 .text.prvInitialiseNewTask
                0x080053b8      0x140 ./Middlewares/Third_Party/FreeRTOS/Source/tasks.o
 .text.prvAddNewTaskToReadyList
                0x080054f8       0xd4 ./Middlewares/Third_Party/FreeRTOS/Source/tasks.o
 .text.vTaskDelay
                0x080055cc       0x6c ./Middlewares/Third_Party/FreeRTOS/Source/tasks.o
                0x080055cc                vTaskDelay
 .text.vTaskStartScheduler
                0x08005638       0xd4 ./Middlewares/Third_Party/FreeRTOS/Source/tasks.o
                0x08005638                vTaskStartScheduler
 .text.vTaskSuspendAll
                0x0800570c       0x1c ./Middlewares/Third_Party/FreeRTOS/Source/tasks.o
                0x0800570c                vTaskSuspendAll
 .text.xTaskResumeAll
                0x08005728      0x13c ./Middlewares/Third_Party/FreeRTOS/Source/tasks.o
                0x08005728                xTaskResumeAll
 .text.xTaskIncrementTick
                0x08005864      0x174 ./Middlewares/Third_Party/FreeRTOS/Source/tasks.o
                0x08005864                xTaskIncrementTick
 .text.vTaskSwitchContext
                0x080059d8       0xc4 ./Middlewares/Third_Party/FreeRTOS/Source/tasks.o
                0x080059d8                vTaskSwitchContext
 .text.vTaskPlaceOnEventList
                0x08005a9c       0x4c ./Middlewares/Third_Party/FreeRTOS/Source/tasks.o
                0x08005a9c                vTaskPlaceOnEventList
 .text.xTaskRemoveFromEventList
                0x08005ae8       0xc8 ./Middlewares/Third_Party/FreeRTOS/Source/tasks.o
                0x08005ae8                xTaskRemoveFromEventList
 .text.vTaskInternalSetTimeOutState
                0x08005bb0       0x2c ./Middlewares/Third_Party/FreeRTOS/Source/tasks.o
                0x08005bb0                vTaskInternalSetTimeOutState
 .text.xTaskCheckForTimeOut
                0x08005bdc       0xc8 ./Middlewares/Third_Party/FreeRTOS/Source/tasks.o
                0x08005bdc                xTaskCheckForTimeOut
 .text.vTaskMissedYield
                0x08005ca4       0x18 ./Middlewares/Third_Party/FreeRTOS/Source/tasks.o
                0x08005ca4                vTaskMissedYield
 .text.prvIdleTask
                0x08005cbc       0x30 ./Middlewares/Third_Party/FreeRTOS/Source/tasks.o
 .text.prvInitialiseTaskLists
                0x08005cec       0x80 ./Middlewares/Third_Party/FreeRTOS/Source/tasks.o
 .text.prvCheckTasksWaitingTermination
                0x08005d6c       0x5c ./Middlewares/Third_Party/FreeRTOS/Source/tasks.o
 .text.prvDeleteTCB
                0x08005dc8       0x6a ./Middlewares/Third_Party/FreeRTOS/Source/tasks.o
 *fill*         0x08005e32        0x2 
 .text.prvResetNextTaskUnblockTime
                0x08005e34       0x40 ./Middlewares/Third_Party/FreeRTOS/Source/tasks.o
 .text.xTaskGetSchedulerState
                0x08005e74       0x3c ./Middlewares/Third_Party/FreeRTOS/Source/tasks.o
                0x08005e74                xTaskGetSchedulerState
 .text.xTaskPriorityInherit
                0x08005eb0       0xec ./Middlewares/Third_Party/FreeRTOS/Source/tasks.o
                0x08005eb0                xTaskPriorityInherit
 .text.xTaskPriorityDisinherit
                0x08005f9c      0x110 ./Middlewares/Third_Party/FreeRTOS/Source/tasks.o
                0x08005f9c                xTaskPriorityDisinherit
 .text.vTaskPriorityDisinheritAfterTimeout
                0x080060ac      0x120 ./Middlewares/Third_Party/FreeRTOS/Source/tasks.o
                0x080060ac                vTaskPriorityDisinheritAfterTimeout
 .text.pvTaskIncrementMutexHeldCount
                0x080061cc       0x28 ./Middlewares/Third_Party/FreeRTOS/Source/tasks.o
                0x080061cc                pvTaskIncrementMutexHeldCount
 .text.prvAddCurrentTaskToDelayedList
                0x080061f4       0xcc ./Middlewares/Third_Party/FreeRTOS/Source/tasks.o
 .text.pxPortInitialiseStack
                0x080062c0       0x58 ./Middlewares/Third_Party/FreeRTOS/Source/portable/GCC/ARM_CM3/port.o
                0x080062c0                pxPortInitialiseStack
 .text.prvTaskExitError
                0x08006318       0x58 ./Middlewares/Third_Party/FreeRTOS/Source/portable/GCC/ARM_CM3/port.o
 .text.SVC_Handler
                0x08006370       0x28 ./Middlewares/Third_Party/FreeRTOS/Source/portable/GCC/ARM_CM3/port.o
                0x08006370                SVC_Handler
 .text.prvPortStartFirstTask
                0x08006398       0x20 ./Middlewares/Third_Party/FreeRTOS/Source/portable/GCC/ARM_CM3/port.o
 .text.xPortStartScheduler
                0x080063b8       0xe4 ./Middlewares/Third_Party/FreeRTOS/Source/portable/GCC/ARM_CM3/port.o
                0x080063b8                xPortStartScheduler
 .text.vPortEnterCritical
                0x0800649c       0x60 ./Middlewares/Third_Party/FreeRTOS/Source/portable/GCC/ARM_CM3/port.o
                0x0800649c                vPortEnterCritical
 .text.vPortExitCritical
                0x080064fc       0x54 ./Middlewares/Third_Party/FreeRTOS/Source/portable/GCC/ARM_CM3/port.o
                0x080064fc                vPortExitCritical
 .text.PendSV_Handler
                0x08006550       0x48 ./Middlewares/Third_Party/FreeRTOS/Source/portable/GCC/ARM_CM3/port.o
                0x08006550                PendSV_Handler
 .text.SysTick_Handler
                0x08006598       0x44 ./Middlewares/Third_Party/FreeRTOS/Source/portable/GCC/ARM_CM3/port.o
                0x08006598                SysTick_Handler
 .text.vPortSetupTimerInterrupt
                0x080065dc       0x44 ./Middlewares/Third_Party/FreeRTOS/Source/portable/GCC/ARM_CM3/port.o
                0x080065dc                vPortSetupTimerInterrupt
 .text.pvPortMalloc
                0x08006620      0x19c ./Middlewares/Third_Party/FreeRTOS/Source/portable/MemMang/heap_4.o
                0x08006620                pvPortMalloc
 .text.vPortFree
                0x080067bc       0xc8 ./Middlewares/Third_Party/FreeRTOS/Source/portable/MemMang/heap_4.o
                0x080067bc                vPortFree
 .text.prvHeapInit
                0x08006884       0xc4 ./Middlewares/Third_Party/FreeRTOS/Source/portable/MemMang/heap_4.o
 .text.prvInsertBlockIntoFreeList
                0x08006948       0xb0 ./Middlewares/Third_Party/FreeRTOS/Source/portable/MemMang/heap_4.o
 .text.sprintf  0x080069f8       0x44 /opt/st/stm32cubeide_1.18.0/plugins/com.st.stm32cube.ide.mcu.externaltools.gnu-tools-for-stm32.13.3.rel1.linux64_1.0.0.202410170706/tools/bin/../lib/gcc/arm-none-eabi/13.3.1/../../../../arm-none-eabi/lib/thumb/v7-m/nofp/libc_nano.a(libc_a-sprintf.o)
                0x080069f8                sprintf
                0x080069f8                siprintf
 .text.memset   0x08006a3c       0x10 /opt/st/stm32cubeide_1.18.0/plugins/com.st.stm32cube.ide.mcu.externaltools.gnu-tools-for-stm32.13.3.rel1.linux64_1.0.0.202410170706/tools/bin/../lib/gcc/arm-none-eabi/13.3.1/../../../../arm-none-eabi/lib/thumb/v7-m/nofp/libc_nano.a(libc_a-memset.o)
                0x08006a3c                memset
 .text._reclaim_reent
                0x08006a4c       0xbc /opt/st/stm32cubeide_1.18.0/plugins/com.st.stm32cube.ide.mcu.externaltools.gnu-tools-for-stm32.13.3.rel1.linux64_1.0.0.202410170706/tools/bin/../lib/gcc/arm-none-eabi/13.3.1/../../../../arm-none-eabi/lib/thumb/v7-m/nofp/libc_nano.a(libc_a-reent.o)
                0x08006a4c                _reclaim_reent
 .text.__errno  0x08006b08        0xc /opt/st/stm32cubeide_1.18.0/plugins/com.st.stm32cube.ide.mcu.externaltools.gnu-tools-for-stm32.13.3.rel1.linux64_1.0.0.202410170706/tools/bin/../lib/gcc/arm-none-eabi/13.3.1/../../../../arm-none-eabi/lib/thumb/v7-m/nofp/libc_nano.a(libc_a-errno.o)
                0x08006b08                __errno
 .text.__libc_init_array
                0x08006b14       0x48 /opt/st/stm32cubeide_1.18.0/plugins/com.st.stm32cube.ide.mcu.externaltools.gnu-tools-for-stm32.13.3.rel1.linux64_1.0.0.202410170706/tools/bin/../lib/gcc/arm-none-eabi/13.3.1/../../../../arm-none-eabi/lib/thumb/v7-m/nofp/libc_nano.a(libc_a-init.o)
                0x08006b14                __libc_init_array
 .text.__retarget_lock_acquire_recursive
                0x08006b5c        0x2 /opt/st/stm32cubeide_1.18.0/plugins/com.st.stm32cube.ide.mcu.externaltools.gnu-tools-for-stm32.13.3.rel1.linux64_1.0.0.202410170706/tools/bin/../lib/gcc/arm-none-eabi/13.3.1/../../../../arm-none-eabi/lib/thumb/v7-m/nofp/libc_nano.a(libc_a-lock.o)
                0x08006b5c                __retarget_lock_acquire_recursive
 .text.__retarget_lock_release_recursive
                0x08006b5e        0x2 /opt/st/stm32cubeide_1.18.0/plugins/com.st.stm32cube.ide.mcu.externaltools.gnu-tools-for-stm32.13.3.rel1.linux64_1.0.0.202410170706/tools/bin/../lib/gcc/arm-none-eabi/13.3.1/../../../../arm-none-eabi/lib/thumb/v7-m/nofp/libc_nano.a(libc_a-lock.o)
                0x08006b5e                __retarget_lock_release_recursive
 .text.memcpy   0x08006b60       0x1c /opt/st/stm32cubeide_1.18.0/plugins/com.st.stm32cube.ide.mcu.externaltools.gnu-tools-for-stm32.13.3.rel1.linux64_1.0.0.202410170706/tools/bin/../lib/gcc/arm-none-eabi/13.3.1/../../../../arm-none-eabi/lib/thumb/v7-m/nofp/libc_nano.a(libc_a-memcpy-stub.o)
                0x08006b60                memcpy
 .text._free_r  0x08006b7c       0x90 /opt/st/stm32cubeide_1.18.0/plugins/com.st.stm32cube.ide.mcu.externaltools.gnu-tools-for-stm32.13.3.rel1.linux64_1.0.0.202410170706/tools/bin/../lib/gcc/arm-none-eabi/13.3.1/../../../../arm-none-eabi/lib/thumb/v7-m/nofp/libc_nano.a(libc_a-freer.o)
                0x08006b7c                _free_r
 .text.sbrk_aligned
                0x08006c0c       0x44 /opt/st/stm32cubeide_1.18.0/plugins/com.st.stm32cube.ide.mcu.externaltools.gnu-tools-for-stm32.13.3.rel1.linux64_1.0.0.202410170706/tools/bin/../lib/gcc/arm-none-eabi/13.3.1/../../../../arm-none-eabi/lib/thumb/v7-m/nofp/libc_nano.a(libc_a-mallocr.o)
 .text._malloc_r
                0x08006c50      0x100 /opt/st/stm32cubeide_1.18.0/plugins/com.st.stm32cube.ide.mcu.externaltools.gnu-tools-for-stm32.13.3.rel1.linux64_1.0.0.202410170706/tools/bin/../lib/gcc/arm-none-eabi/13.3.1/../../../../arm-none-eabi/lib/thumb/v7-m/nofp/libc_nano.a(libc_a-mallocr.o)
                0x08006c50                _malloc_r
 .text.__malloc_lock
                0x08006d50        0xc /opt/st/stm32cubeide_1.18.0/plugins/com.st.stm32cube.ide.mcu.externaltools.gnu-tools-for-stm32.13.3.rel1.linux64_1.0.0.202410170706/tools/bin/../lib/gcc/arm-none-eabi/13.3.1/../../../../arm-none-eabi/lib/thumb/v7-m/nofp/libc_nano.a(libc_a-mlock.o)
                0x08006d50                __malloc_lock
 .text.__malloc_unlock
                0x08006d5c        0xc /opt/st/stm32cubeide_1.18.0/plugins/com.st.stm32cube.ide.mcu.externaltools.gnu-tools-for-stm32.13.3.rel1.linux64_1.0.0.202410170706/tools/bin/../lib/gcc/arm-none-eabi/13.3.1/../../../../arm-none-eabi/lib/thumb/v7-m/nofp/libc_nano.a(libc_a-mlock.o)
                0x08006d5c                __malloc_unlock
 .text.__ssputs_r
                0x08006d68       0xb6 /opt/st/stm32cubeide_1.18.0/plugins/com.st.stm32cube.ide.mcu.externaltools.gnu-tools-for-stm32.13.3.rel1.linux64_1.0.0.202410170706/tools/bin/../lib/gcc/arm-none-eabi/13.3.1/../../../../arm-none-eabi/lib/thumb/v7-m/nofp/libc_nano.a(libc_a-nano-svfprintf.o)
                0x08006d68                __ssputs_r
 *fill*         0x08006e1e        0x2 
 .text._svfprintf_r
                0x08006e20      0x1f8 /opt/st/stm32cubeide_1.18.0/plugins/com.st.stm32cube.ide.mcu.externaltools.gnu-tools-for-stm32.13.3.rel1.linux64_1.0.0.202410170706/tools/bin/../lib/gcc/arm-none-eabi/13.3.1/../../../../arm-none-eabi/lib/thumb/v7-m/nofp/libc_nano.a(libc_a-nano-svfprintf.o)
                0x08006e20                _svfprintf_r
                0x08006e20                _svfiprintf_r
 .text._printf_common
                0x08007018       0xe4 /opt/st/stm32cubeide_1.18.0/plugins/com.st.stm32cube.ide.mcu.externaltools.gnu-tools-for-stm32.13.3.rel1.linux64_1.0.0.202410170706/tools/bin/../lib/gcc/arm-none-eabi/13.3.1/../../../../arm-none-eabi/lib/thumb/v7-m/nofp/libc_nano.a(libc_a-nano-vfprintf_i.o)
                0x08007018                _printf_common
 .text._printf_i
                0x080070fc      0x23c /opt/st/stm32cubeide_1.18.0/plugins/com.st.stm32cube.ide.mcu.externaltools.gnu-tools-for-stm32.13.3.rel1.linux64_1.0.0.202410170706/tools/bin/../lib/gcc/arm-none-eabi/13.3.1/../../../../arm-none-eabi/lib/thumb/v7-m/nofp/libc_nano.a(libc_a-nano-vfprintf_i.o)
                0x080070fc                _printf_i
 .text.memmove  0x08007338       0x34 /opt/st/stm32cubeide_1.18.0/plugins/com.st.stm32cube.ide.mcu.externaltools.gnu-tools-for-stm32.13.3.rel1.linux64_1.0.0.202410170706/tools/bin/../lib/gcc/arm-none-eabi/13.3.1/../../../../arm-none-eabi/lib/thumb/v7-m/nofp/libc_nano.a(libc_a-memmove.o)
                0x08007338                memmove
 .text._sbrk_r  0x0800736c       0x20 /opt/st/stm32cubeide_1.18.0/plugins/com.st.stm32cube.ide.mcu.externaltools.gnu-tools-for-stm32.13.3.rel1.linux64_1.0.0.202410170706/tools/bin/../lib/gcc/arm-none-eabi/13.3.1/../../../../arm-none-eabi/lib/thumb/v7-m/nofp/libc_nano.a(libc_a-sbrkr.o)
                0x0800736c                _sbrk_r
 .text.memchr   0x0800738c       0x1c /opt/st/stm32cubeide_1.18.0/plugins/com.st.stm32cube.ide.mcu.externaltools.gnu-tools-for-stm32.13.3.rel1.linux64_1.0.0.202410170706/tools/bin/../lib/gcc/arm-none-eabi/13.3.1/../../../../arm-none-eabi/lib/thumb/v7-m/nofp/libc_nano.a(libc_a-memchr-stub.o)
                0x0800738c                memchr
 .text._realloc_r
                0x080073a8       0x5c /opt/st/stm32cubeide_1.18.0/plugins/com.st.stm32cube.ide.mcu.externaltools.gnu-tools-for-stm32.13.3.rel1.linux64_1.0.0.202410170706/tools/bin/../lib/gcc/arm-none-eabi/13.3.1/../../../../arm-none-eabi/lib/thumb/v7-m/nofp/libc_nano.a(libc_a-reallocr.o)
                0x080073a8                _realloc_r
 .text._malloc_usable_size_r
                0x08007404       0x10 /opt/st/stm32cubeide_1.18.0/plugins/com.st.stm32cube.ide.mcu.externaltools.gnu-tools-for-stm32.13.3.rel1.linux64_1.0.0.202410170706/tools/bin/../lib/gcc/arm-none-eabi/13.3.1/../../../../arm-none-eabi/lib/thumb/v7-m/nofp/libc_nano.a(libc_a-msizer.o)
                0x08007404                _malloc_usable_size_r
 *(.glue_7)
 .glue_7        0x08007414        0x0 linker stubs
 *(.glue_7t)
 .glue_7t       0x08007414        0x0 linker stubs
 *(.eh_frame)
 .eh_frame      0x08007414        0x0 /opt/st/stm32cubeide_1.18.0/plugins/com.st.stm32cube.ide.mcu.externaltools.gnu-tools-for-stm32.13.3.rel1.linux64_1.0.0.202410170706/tools/bin/../lib/gcc/arm-none-eabi/13.3.1/thumb/v7-m/nofp/crtbegin.o
 *(.init)
 .init          0x08007414        0x4 /opt/st/stm32cubeide_1.18.0/plugins/com.st.stm32cube.ide.mcu.externaltools.gnu-tools-for-stm32.13.3.rel1.linux64_1.0.0.202410170706/tools/bin/../lib/gcc/arm-none-eabi/13.3.1/thumb/v7-m/nofp/crti.o
                0x08007414                _init
 .init          0x08007418        0x8 /opt/st/stm32cubeide_1.18.0/plugins/com.st.stm32cube.ide.mcu.externaltools.gnu-tools-for-stm32.13.3.rel1.linux64_1.0.0.202410170706/tools/bin/../lib/gcc/arm-none-eabi/13.3.1/thumb/v7-m/nofp/crtn.o
 *(.fini)
 .fini          0x08007420        0x4 /opt/st/stm32cubeide_1.18.0/plugins/com.st.stm32cube.ide.mcu.externaltools.gnu-tools-for-stm32.13.3.rel1.linux64_1.0.0.202410170706/tools/bin/../lib/gcc/arm-none-eabi/13.3.1/thumb/v7-m/nofp/crti.o
                0x08007420                _fini
 .fini          0x08007424        0x8 /opt/st/stm32cubeide_1.18.0/plugins/com.st.stm32cube.ide.mcu.externaltools.gnu-tools-for-stm32.13.3.rel1.linux64_1.0.0.202410170706/tools/bin/../lib/gcc/arm-none-eabi/13.3.1/thumb/v7-m/nofp/crtn.o
                0x0800742c                        . = ALIGN (0x4)
                0x0800742c                        _etext = .

.vfp11_veneer   0x0800742c        0x0
 .vfp11_veneer  0x0800742c        0x0 linker stubs

.v4_bx          0x0800742c        0x0
 .v4_bx         0x0800742c        0x0 linker stubs

.iplt           0x0800742c        0x0
 .iplt          0x0800742c        0x0 /opt/st/stm32cubeide_1.18.0/plugins/com.st.stm32cube.ide.mcu.externaltools.gnu-tools-for-stm32.13.3.rel1.linux64_1.0.0.202410170706/tools/bin/../lib/gcc/arm-none-eabi/13.3.1/thumb/v7-m/nofp/crtbegin.o

.rodata         0x0800742c      0xe14
                0x0800742c                        . = ALIGN (0x4)
 *(.rodata)
 .rodata        0x0800742c       0x4d ./Core/Src/main.o
 *fill*         0x08007479        0x3 
 .rodata        0x0800747c        0x5 ./Middlewares/Third_Party/FreeRTOS/Source/tasks.o
 *(.rodata*)
 *fill*         0x08007481        0x3 
 .rodata.Font11x18
                0x08007484      0xd5c ./Core/Src/fonts.o
                0x08007484                Font11x18
 .rodata.AHBPrescTable
                0x080081e0       0x10 ./Core/Src/system_stm32f1xx.o
                0x080081e0                AHBPrescTable
 .rodata.APBPrescTable
                0x080081f0        0x8 ./Core/Src/system_stm32f1xx.o
                0x080081f0                APBPrescTable
 .rodata.aPLLMULFactorTable.1
                0x080081f8       0x10 ./Drivers/STM32F1xx_HAL_Driver/Src/stm32f1xx_hal_rcc.o
 .rodata.aPredivFactorTable.0
                0x08008208        0x2 ./Drivers/STM32F1xx_HAL_Driver/Src/stm32f1xx_hal_rcc.o
 .rodata._svfprintf_r.str1.1
                0x0800820a       0x33 /opt/st/stm32cubeide_1.18.0/plugins/com.st.stm32cube.ide.mcu.externaltools.gnu-tools-for-stm32.13.3.rel1.linux64_1.0.0.202410170706/tools/bin/../lib/gcc/arm-none-eabi/13.3.1/../../../../arm-none-eabi/lib/thumb/v7-m/nofp/libc_nano.a(libc_a-nano-svfprintf.o)
                                 0x11 (size before relaxing)
 .rodata._printf_i.str1.1
                0x0800823d       0x22 /opt/st/stm32cubeide_1.18.0/plugins/com.st.stm32cube.ide.mcu.externaltools.gnu-tools-for-stm32.13.3.rel1.linux64_1.0.0.202410170706/tools/bin/../lib/gcc/arm-none-eabi/13.3.1/../../../../arm-none-eabi/lib/thumb/v7-m/nofp/libc_nano.a(libc_a-nano-vfprintf_i.o)
                0x08008260                        . = ALIGN (0x4)
 *fill*         0x0800823d        0x3 

.ARM.extab      0x08008240        0x0
                0x08008240                        . = ALIGN (0x4)
 *(.ARM.extab* .gnu.linkonce.armextab.*)
                0x08008240                        . = ALIGN (0x4)

.ARM            0x08008240        0x0
                0x08008240                        . = ALIGN (0x4)
                0x08008240                        __exidx_start = .
 *(.ARM.exidx*)
                0x08008240                        __exidx_end = .
                0x08008240                        . = ALIGN (0x4)

.preinit_array  0x08008240        0x0
                0x08008240                        . = ALIGN (0x4)
                0x08008240                        PROVIDE (__preinit_array_start = .)
 *(.preinit_array*)
                0x08008240                        PROVIDE (__preinit_array_end = .)
                0x08008240                        . = ALIGN (0x4)

.init_array     0x08008240        0x4
                0x08008240                        . = ALIGN (0x4)
                0x08008240                        PROVIDE (__init_array_start = .)
 *(SORT_BY_NAME(.init_array.*))
 *(.init_array*)
 .init_array    0x08008240        0x4 /opt/st/stm32cubeide_1.18.0/plugins/com.st.stm32cube.ide.mcu.externaltools.gnu-tools-for-stm32.13.3.rel1.linux64_1.0.0.202410170706/tools/bin/../lib/gcc/arm-none-eabi/13.3.1/thumb/v7-m/nofp/crtbegin.o
                0x08008244                        PROVIDE (__init_array_end = .)
                0x08008244                        . = ALIGN (0x4)

.fini_array     0x08008244        0x4
                0x08008244                        . = ALIGN (0x4)
                [!provide]                        PROVIDE (__fini_array_start = .)
 *(SORT_BY_NAME(.fini_array.*))
 *(.fini_array*)
 .fini_array    0x08008244        0x4 /opt/st/stm32cubeide_1.18.0/plugins/com.st.stm32cube.ide.mcu.externaltools.gnu-tools-for-stm32.13.3.rel1.linux64_1.0.0.202410170706/tools/bin/../lib/gcc/arm-none-eabi/13.3.1/thumb/v7-m/nofp/crtbegin.o
                [!provide]                        PROVIDE (__fini_array_end = .)
                0x08008248                        . = ALIGN (0x4)
                0x08008248                        _sidata = LOADADDR (.data)

.rel.dyn        0x08008248        0x0
 .rel.iplt      0x08008248        0x0 /opt/st/stm32cubeide_1.18.0/plugins/com.st.stm32cube.ide.mcu.externaltools.gnu-tools-for-stm32.13.3.rel1.linux64_1.0.0.202410170706/tools/bin/../lib/gcc/arm-none-eabi/13.3.1/thumb/v7-m/nofp/crtbegin.o

.data           0x20000000       0x68 load address 0x08008248
                0x20000000                        . = ALIGN (0x4)
                0x20000000                        _sdata = .
 *(.data)
 *(.data*)
 .data.Font_11x18
                0x20000000        0x8 ./Core/Src/fonts.o
                0x20000000                Font_11x18
 .data.SystemCoreClock
                0x20000008        0x4 ./Core/Src/system_stm32f1xx.o
                0x20000008                SystemCoreClock
 .data.uwTickPrio
                0x2000000c        0x4 ./Drivers/STM32F1xx_HAL_Driver/Src/stm32f1xx_hal.o
                0x2000000c                uwTickPrio
 .data.uwTickFreq
                0x20000010        0x1 ./Drivers/STM32F1xx_HAL_Driver/Src/stm32f1xx_hal.o
                0x20000010                uwTickFreq
 *fill*         0x20000011        0x3 
 .data.uxCriticalNesting
                0x20000014        0x4 ./Middlewares/Third_Party/FreeRTOS/Source/portable/GCC/ARM_CM3/port.o
 .data._impure_ptr
                0x20000018        0x4 /opt/st/stm32cubeide_1.18.0/plugins/com.st.stm32cube.ide.mcu.externaltools.gnu-tools-for-stm32.13.3.rel1.linux64_1.0.0.202410170706/tools/bin/../lib/gcc/arm-none-eabi/13.3.1/../../../../arm-none-eabi/lib/thumb/v7-m/nofp/libc_nano.a(libc_a-impure.o)
                0x20000018                _impure_ptr
 .data._impure_data
                0x2000001c       0x4c /opt/st/stm32cubeide_1.18.0/plugins/com.st.stm32cube.ide.mcu.externaltools.gnu-tools-for-stm32.13.3.rel1.linux64_1.0.0.202410170706/tools/bin/../lib/gcc/arm-none-eabi/13.3.1/../../../../arm-none-eabi/lib/thumb/v7-m/nofp/libc_nano.a(libc_a-impure.o)
                0x2000001c                _impure_data
 *(.RamFunc)
 *(.RamFunc*)
                0x20000068                        . = ALIGN (0x4)
                0x20000068                        _edata = .

.igot.plt       0x20000068        0x0 load address 0x080082b0
 .igot.plt      0x20000068        0x0 /opt/st/stm32cubeide_1.18.0/plugins/com.st.stm32cube.ide.mcu.externaltools.gnu-tools-for-stm32.13.3.rel1.linux64_1.0.0.202410170706/tools/bin/../lib/gcc/arm-none-eabi/13.3.1/thumb/v7-m/nofp/crtbegin.o
                0x20000068                        . = ALIGN (0x4)

.bss            0x20000068     0x172c load address 0x080082b0
                0x20000068                        _sbss = .
                0x20000068                        __bss_start__ = _sbss
 *(.bss)
 .bss           0x20000068       0x1c /opt/st/stm32cubeide_1.18.0/plugins/com.st.stm32cube.ide.mcu.externaltools.gnu-tools-for-stm32.13.3.rel1.linux64_1.0.0.202410170706/tools/bin/../lib/gcc/arm-none-eabi/13.3.1/thumb/v7-m/nofp/crtbegin.o
 *(.bss*)
 .bss.xIdleTaskTCBBuffer
                0x20000084       0xa0 ./Core/Src/freertos.o
 .bss.xIdleStack
                0x20000124      0x200 ./Core/Src/freertos.o
 .bss.hcan      0x20000324       0x28 ./Core/Src/main.o
                0x20000324                hcan
 .bss.hi2c1     0x2000034c       0x54 ./Core/Src/main.o
                0x2000034c                hi2c1
 .bss.htim2     0x200003a0       0x48 ./Core/Src/main.o
                0x200003a0                htim2
 .bss.htim3     0x200003e8       0x48 ./Core/Src/main.o
                0x200003e8                htim3
 .bss.sFilterConfig
                0x20000430       0x28 ./Core/Src/main.o
                0x20000430                sFilterConfig
 .bss.RxHeader  0x20000458       0x1c ./Core/Src/main.o
                0x20000458                RxHeader
 .bss.RxData    0x20000474        0x8 ./Core/Src/main.o
                0x20000474                RxData
 .bss.signal_control
                0x2000047c        0x1 ./Core/Src/main.o
                0x2000047c                signal_control
 *fill*         0x2000047d        0x3 
 .bss.current_angle
                0x20000480        0x4 ./Core/Src/main.o
                0x20000480                current_angle
 .bss.desire_angle
                0x20000484        0x4 ./Core/Src/main.o
                0x20000484                desire_angle
 .bss.debug     0x20000488        0x4 ./Core/Src/main.o
                0x20000488                debug
 .bss.DesireAngleMutex
                0x2000048c        0x4 ./Core/Src/main.o
                0x2000048c                DesireAngleMutex
 .bss.ControlMotor_Handler
                0x20000490        0x4 ./Core/Src/main.o
                0x20000490                ControlMotor_Handler
 .bss.Display_Handler
                0x20000494        0x4 ./Core/Src/main.o
                0x20000494                Display_Handler
 .bss.ReadEncoder_Handler
                0x20000498        0x4 ./Core/Src/main.o
                0x20000498                ReadEncoder_Handler
 .bss.ToggleLED_Handler
                0x2000049c        0x4 ./Core/Src/main.o
                0x2000049c                ToggleLED_Handler
 .bss.SSD1306_Buffer
                0x200004a0      0x400 ./Core/Src/ssd1306.o
 .bss.SSD1306   0x200008a0        0x6 ./Core/Src/ssd1306.o
 *fill*         0x200008a6        0x2 
 .bss.htim1     0x200008a8       0x48 ./Core/Src/stm32f1xx_hal_timebase_tim.o
                0x200008a8                htim1
 .bss.__sbrk_heap_end
                0x200008f0        0x4 ./Core/Src/sysmem.o
 .bss.uwTick    0x200008f4        0x4 ./Drivers/STM32F1xx_HAL_Driver/Src/stm32f1xx_hal.o
                0x200008f4                uwTick
 .bss.pxCurrentTCB
                0x200008f8        0x4 ./Middlewares/Third_Party/FreeRTOS/Source/tasks.o
                0x200008f8                pxCurrentTCB
 .bss.pxReadyTasksLists
                0x200008fc       0x8c ./Middlewares/Third_Party/FreeRTOS/Source/tasks.o
 .bss.xDelayedTaskList1
                0x20000988       0x14 ./Middlewares/Third_Party/FreeRTOS/Source/tasks.o
 .bss.xDelayedTaskList2
                0x2000099c       0x14 ./Middlewares/Third_Party/FreeRTOS/Source/tasks.o
 .bss.pxDelayedTaskList
                0x200009b0        0x4 ./Middlewares/Third_Party/FreeRTOS/Source/tasks.o
 .bss.pxOverflowDelayedTaskList
                0x200009b4        0x4 ./Middlewares/Third_Party/FreeRTOS/Source/tasks.o
 .bss.xPendingReadyList
                0x200009b8       0x14 ./Middlewares/Third_Party/FreeRTOS/Source/tasks.o
 .bss.xTasksWaitingTermination
                0x200009cc       0x14 ./Middlewares/Third_Party/FreeRTOS/Source/tasks.o
 .bss.uxDeletedTasksWaitingCleanUp
                0x200009e0        0x4 ./Middlewares/Third_Party/FreeRTOS/Source/tasks.o
 .bss.xSuspendedTaskList
                0x200009e4       0x14 ./Middlewares/Third_Party/FreeRTOS/Source/tasks.o
 .bss.uxCurrentNumberOfTasks
                0x200009f8        0x4 ./Middlewares/Third_Party/FreeRTOS/Source/tasks.o
 .bss.xTickCount
                0x200009fc        0x4 ./Middlewares/Third_Party/FreeRTOS/Source/tasks.o
 .bss.uxTopReadyPriority
                0x20000a00        0x4 ./Middlewares/Third_Party/FreeRTOS/Source/tasks.o
 .bss.xSchedulerRunning
                0x20000a04        0x4 ./Middlewares/Third_Party/FreeRTOS/Source/tasks.o
 .bss.xPendedTicks
                0x20000a08        0x4 ./Middlewares/Third_Party/FreeRTOS/Source/tasks.o
 .bss.xYieldPending
                0x20000a0c        0x4 ./Middlewares/Third_Party/FreeRTOS/Source/tasks.o
 .bss.xNumOfOverflows
                0x20000a10        0x4 ./Middlewares/Third_Party/FreeRTOS/Source/tasks.o
 .bss.uxTaskNumber
                0x20000a14        0x4 ./Middlewares/Third_Party/FreeRTOS/Source/tasks.o
 .bss.xNextTaskUnblockTime
                0x20000a18        0x4 ./Middlewares/Third_Party/FreeRTOS/Source/tasks.o
 .bss.xIdleTaskHandle
                0x20000a1c        0x4 ./Middlewares/Third_Party/FreeRTOS/Source/tasks.o
 .bss.uxSchedulerSuspended
                0x20000a20        0x4 ./Middlewares/Third_Party/FreeRTOS/Source/tasks.o
 .bss.ucMaxSysCallPriority
                0x20000a24        0x1 ./Middlewares/Third_Party/FreeRTOS/Source/portable/GCC/ARM_CM3/port.o
 *fill*         0x20000a25        0x3 
 .bss.ulMaxPRIGROUPValue
                0x20000a28        0x4 ./Middlewares/Third_Party/FreeRTOS/Source/portable/GCC/ARM_CM3/port.o
 .bss.ucHeap    0x20000a2c      0xc00 ./Middlewares/Third_Party/FreeRTOS/Source/portable/MemMang/heap_4.o
 .bss.xStart    0x2000162c        0x8 ./Middlewares/Third_Party/FreeRTOS/Source/portable/MemMang/heap_4.o
 .bss.pxEnd     0x20001634        0x4 ./Middlewares/Third_Party/FreeRTOS/Source/portable/MemMang/heap_4.o
 .bss.xFreeBytesRemaining
                0x20001638        0x4 ./Middlewares/Third_Party/FreeRTOS/Source/portable/MemMang/heap_4.o
 .bss.xMinimumEverFreeBytesRemaining
                0x2000163c        0x4 ./Middlewares/Third_Party/FreeRTOS/Source/portable/MemMang/heap_4.o
 .bss.xNumberOfSuccessfulAllocations
                0x20001640        0x4 ./Middlewares/Third_Party/FreeRTOS/Source/portable/MemMang/heap_4.o
 .bss.xNumberOfSuccessfulFrees
                0x20001644        0x4 ./Middlewares/Third_Party/FreeRTOS/Source/portable/MemMang/heap_4.o
 .bss.xBlockAllocatedBit
                0x20001648        0x4 ./Middlewares/Third_Party/FreeRTOS/Source/portable/MemMang/heap_4.o
 .bss.__sf      0x2000164c      0x138 /opt/st/stm32cubeide_1.18.0/plugins/com.st.stm32cube.ide.mcu.externaltools.gnu-tools-for-stm32.13.3.rel1.linux64_1.0.0.202410170706/tools/bin/../lib/gcc/arm-none-eabi/13.3.1/../../../../arm-none-eabi/lib/thumb/v7-m/nofp/libc_nano.a(libc_a-findfp.o)
                0x2000164c                __sf
 .bss.errno     0x20001784        0x4 /opt/st/stm32cubeide_1.18.0/plugins/com.st.stm32cube.ide.mcu.externaltools.gnu-tools-for-stm32.13.3.rel1.linux64_1.0.0.202410170706/tools/bin/../lib/gcc/arm-none-eabi/13.3.1/../../../../arm-none-eabi/lib/thumb/v7-m/nofp/libc_nano.a(libc_a-reent.o)
                0x20001784                errno
 .bss.__lock___malloc_recursive_mutex
                0x20001788        0x1 /opt/st/stm32cubeide_1.18.0/plugins/com.st.stm32cube.ide.mcu.externaltools.gnu-tools-for-stm32.13.3.rel1.linux64_1.0.0.202410170706/tools/bin/../lib/gcc/arm-none-eabi/13.3.1/../../../../arm-none-eabi/lib/thumb/v7-m/nofp/libc_nano.a(libc_a-lock.o)
                0x20001788                __lock___malloc_recursive_mutex
 *fill*         0x20001789        0x3 
 .bss.__malloc_sbrk_start
                0x2000178c        0x4 /opt/st/stm32cubeide_1.18.0/plugins/com.st.stm32cube.ide.mcu.externaltools.gnu-tools-for-stm32.13.3.rel1.linux64_1.0.0.202410170706/tools/bin/../lib/gcc/arm-none-eabi/13.3.1/../../../../arm-none-eabi/lib/thumb/v7-m/nofp/libc_nano.a(libc_a-mallocr.o)
                0x2000178c                __malloc_sbrk_start
 .bss.__malloc_free_list
                0x20001790        0x4 /opt/st/stm32cubeide_1.18.0/plugins/com.st.stm32cube.ide.mcu.externaltools.gnu-tools-for-stm32.13.3.rel1.linux64_1.0.0.202410170706/tools/bin/../lib/gcc/arm-none-eabi/13.3.1/../../../../arm-none-eabi/lib/thumb/v7-m/nofp/libc_nano.a(libc_a-mallocr.o)
                0x20001790                __malloc_free_list
 *(COMMON)
                0x20001794                        . = ALIGN (0x4)
                0x20001794                        _ebss = .
                0x20001794                        __bss_end__ = _ebss

._user_heap_stack
                0x20001794      0x604 load address 0x080082b0
                0x20001798                        . = ALIGN (0x8)
 *fill*         0x20001794        0x4 
                [!provide]                        PROVIDE (end = .)
                0x20001798                        PROVIDE (_end = .)
                0x20001998                        . = (. + _Min_Heap_Size)
 *fill*         0x20001798      0x200 
                0x20001d98                        . = (. + _Min_Stack_Size)
 *fill*         0x20001998      0x400 
                0x20001d98                        . = ALIGN (0x8)

/DISCARD/
 libc.a(*)
 libm.a(*)
 libgcc.a(*)

.ARM.attributes
                0x00000000       0x29
 *(.ARM.attributes)
 .ARM.attributes
                0x00000000       0x1d /opt/st/stm32cubeide_1.18.0/plugins/com.st.stm32cube.ide.mcu.externaltools.gnu-tools-for-stm32.13.3.rel1.linux64_1.0.0.202410170706/tools/bin/../lib/gcc/arm-none-eabi/13.3.1/thumb/v7-m/nofp/crti.o
 .ARM.attributes
                0x0000001d       0x2d /opt/st/stm32cubeide_1.18.0/plugins/com.st.stm32cube.ide.mcu.externaltools.gnu-tools-for-stm32.13.3.rel1.linux64_1.0.0.202410170706/tools/bin/../lib/gcc/arm-none-eabi/13.3.1/thumb/v7-m/nofp/crtbegin.o
 .ARM.attributes
                0x0000004a       0x2d ./Core/Src/fonts.o
 .ARM.attributes
                0x00000077       0x2d ./Core/Src/freertos.o
 .ARM.attributes
                0x000000a4       0x2d ./Core/Src/main.o
 .ARM.attributes
                0x000000d1       0x2d ./Core/Src/ssd1306.o
 .ARM.attributes
                0x000000fe       0x2d ./Core/Src/stm32f1xx_hal_msp.o
 .ARM.attributes
                0x0000012b       0x2d ./Core/Src/stm32f1xx_hal_timebase_tim.o
 .ARM.attributes
                0x00000158       0x2d ./Core/Src/stm32f1xx_it.o
 .ARM.attributes
                0x00000185       0x2d ./Core/Src/sysmem.o
 .ARM.attributes
                0x000001b2       0x2d ./Core/Src/system_stm32f1xx.o
 .ARM.attributes
                0x000001df       0x21 ./Core/Startup/startup_stm32f103cbtx.o
 .ARM.attributes
                0x00000200       0x2d ./Drivers/STM32F1xx_HAL_Driver/Src/stm32f1xx_hal.o
 .ARM.attributes
                0x0000022d       0x2d ./Drivers/STM32F1xx_HAL_Driver/Src/stm32f1xx_hal_can.o
 .ARM.attributes
                0x0000025a       0x2d ./Drivers/STM32F1xx_HAL_Driver/Src/stm32f1xx_hal_cortex.o
 .ARM.attributes
                0x00000287       0x2d ./Drivers/STM32F1xx_HAL_Driver/Src/stm32f1xx_hal_gpio.o
 .ARM.attributes
                0x000002b4       0x2d ./Drivers/STM32F1xx_HAL_Driver/Src/stm32f1xx_hal_i2c.o
 .ARM.attributes
                0x000002e1       0x2d ./Drivers/STM32F1xx_HAL_Driver/Src/stm32f1xx_hal_rcc.o
 .ARM.attributes
                0x0000030e       0x2d ./Drivers/STM32F1xx_HAL_Driver/Src/stm32f1xx_hal_tim.o
 .ARM.attributes
                0x0000033b       0x2d ./Drivers/STM32F1xx_HAL_Driver/Src/stm32f1xx_hal_tim_ex.o
 .ARM.attributes
                0x00000368       0x2d ./Middlewares/Third_Party/FreeRTOS/Source/list.o
 .ARM.attributes
                0x00000395       0x2d ./Middlewares/Third_Party/FreeRTOS/Source/queue.o
 .ARM.attributes
                0x000003c2       0x2d ./Middlewares/Third_Party/FreeRTOS/Source/tasks.o
 .ARM.attributes
                0x000003ef       0x2d ./Middlewares/Third_Party/FreeRTOS/Source/portable/GCC/ARM_CM3/port.o
 .ARM.attributes
                0x0000041c       0x2d ./Middlewares/Third_Party/FreeRTOS/Source/portable/MemMang/heap_4.o
 .ARM.attributes
                0x00000449       0x2d /opt/st/stm32cubeide_1.18.0/plugins/com.st.stm32cube.ide.mcu.externaltools.gnu-tools-for-stm32.13.3.rel1.linux64_1.0.0.202410170706/tools/bin/../lib/gcc/arm-none-eabi/13.3.1/../../../../arm-none-eabi/lib/thumb/v7-m/nofp/libc_nano.a(libc_a-findfp.o)
 .ARM.attributes
                0x00000476       0x2d /opt/st/stm32cubeide_1.18.0/plugins/com.st.stm32cube.ide.mcu.externaltools.gnu-tools-for-stm32.13.3.rel1.linux64_1.0.0.202410170706/tools/bin/../lib/gcc/arm-none-eabi/13.3.1/../../../../arm-none-eabi/lib/thumb/v7-m/nofp/libc_nano.a(libc_a-sprintf.o)
 .ARM.attributes
                0x000004a3       0x2d /opt/st/stm32cubeide_1.18.0/plugins/com.st.stm32cube.ide.mcu.externaltools.gnu-tools-for-stm32.13.3.rel1.linux64_1.0.0.202410170706/tools/bin/../lib/gcc/arm-none-eabi/13.3.1/../../../../arm-none-eabi/lib/thumb/v7-m/nofp/libc_nano.a(libc_a-memset.o)
 .ARM.attributes
                0x000004d0       0x2d /opt/st/stm32cubeide_1.18.0/plugins/com.st.stm32cube.ide.mcu.externaltools.gnu-tools-for-stm32.13.3.rel1.linux64_1.0.0.202410170706/tools/bin/../lib/gcc/arm-none-eabi/13.3.1/../../../../arm-none-eabi/lib/thumb/v7-m/nofp/libc_nano.a(libc_a-reent.o)
 .ARM.attributes
                0x000004fd       0x2d /opt/st/stm32cubeide_1.18.0/plugins/com.st.stm32cube.ide.mcu.externaltools.gnu-tools-for-stm32.13.3.rel1.linux64_1.0.0.202410170706/tools/bin/../lib/gcc/arm-none-eabi/13.3.1/../../../../arm-none-eabi/lib/thumb/v7-m/nofp/libc_nano.a(libc_a-impure.o)
 .ARM.attributes
                0x0000052a       0x2d /opt/st/stm32cubeide_1.18.0/plugins/com.st.stm32cube.ide.mcu.externaltools.gnu-tools-for-stm32.13.3.rel1.linux64_1.0.0.202410170706/tools/bin/../lib/gcc/arm-none-eabi/13.3.1/../../../../arm-none-eabi/lib/thumb/v7-m/nofp/libc_nano.a(libc_a-errno.o)
 .ARM.attributes
                0x00000557       0x2d /opt/st/stm32cubeide_1.18.0/plugins/com.st.stm32cube.ide.mcu.externaltools.gnu-tools-for-stm32.13.3.rel1.linux64_1.0.0.202410170706/tools/bin/../lib/gcc/arm-none-eabi/13.3.1/../../../../arm-none-eabi/lib/thumb/v7-m/nofp/libc_nano.a(libc_a-init.o)
 .ARM.attributes
                0x00000584       0x2d /opt/st/stm32cubeide_1.18.0/plugins/com.st.stm32cube.ide.mcu.externaltools.gnu-tools-for-stm32.13.3.rel1.linux64_1.0.0.202410170706/tools/bin/../lib/gcc/arm-none-eabi/13.3.1/../../../../arm-none-eabi/lib/thumb/v7-m/nofp/libc_nano.a(libc_a-lock.o)
 .ARM.attributes
                0x000005b1       0x2d /opt/st/stm32cubeide_1.18.0/plugins/com.st.stm32cube.ide.mcu.externaltools.gnu-tools-for-stm32.13.3.rel1.linux64_1.0.0.202410170706/tools/bin/../lib/gcc/arm-none-eabi/13.3.1/../../../../arm-none-eabi/lib/thumb/v7-m/nofp/libc_nano.a(libc_a-memcpy-stub.o)
 .ARM.attributes
                0x000005de       0x2d /opt/st/stm32cubeide_1.18.0/plugins/com.st.stm32cube.ide.mcu.externaltools.gnu-tools-for-stm32.13.3.rel1.linux64_1.0.0.202410170706/tools/bin/../lib/gcc/arm-none-eabi/13.3.1/../../../../arm-none-eabi/lib/thumb/v7-m/nofp/libc_nano.a(libc_a-freer.o)
 .ARM.attributes
                0x0000060b       0x2d /opt/st/stm32cubeide_1.18.0/plugins/com.st.stm32cube.ide.mcu.externaltools.gnu-tools-for-stm32.13.3.rel1.linux64_1.0.0.202410170706/tools/bin/../lib/gcc/arm-none-eabi/13.3.1/../../../../arm-none-eabi/lib/thumb/v7-m/nofp/libc_nano.a(libc_a-mallocr.o)
 .ARM.attributes
                0x00000638       0x2d /opt/st/stm32cubeide_1.18.0/plugins/com.st.stm32cube.ide.mcu.externaltools.gnu-tools-for-stm32.13.3.rel1.linux64_1.0.0.202410170706/tools/bin/../lib/gcc/arm-none-eabi/13.3.1/../../../../arm-none-eabi/lib/thumb/v7-m/nofp/libc_nano.a(libc_a-mlock.o)
 .ARM.attributes
                0x00000665       0x2d /opt/st/stm32cubeide_1.18.0/plugins/com.st.stm32cube.ide.mcu.externaltools.gnu-tools-for-stm32.13.3.rel1.linux64_1.0.0.202410170706/tools/bin/../lib/gcc/arm-none-eabi/13.3.1/../../../../arm-none-eabi/lib/thumb/v7-m/nofp/libc_nano.a(libc_a-nano-svfprintf.o)
 .ARM.attributes
                0x00000692       0x2d /opt/st/stm32cubeide_1.18.0/plugins/com.st.stm32cube.ide.mcu.externaltools.gnu-tools-for-stm32.13.3.rel1.linux64_1.0.0.202410170706/tools/bin/../lib/gcc/arm-none-eabi/13.3.1/../../../../arm-none-eabi/lib/thumb/v7-m/nofp/libc_nano.a(libc_a-nano-vfprintf_i.o)
 .ARM.attributes
                0x000006bf       0x2d /opt/st/stm32cubeide_1.18.0/plugins/com.st.stm32cube.ide.mcu.externaltools.gnu-tools-for-stm32.13.3.rel1.linux64_1.0.0.202410170706/tools/bin/../lib/gcc/arm-none-eabi/13.3.1/../../../../arm-none-eabi/lib/thumb/v7-m/nofp/libc_nano.a(libc_a-memmove.o)
 .ARM.attributes
                0x000006ec       0x2d /opt/st/stm32cubeide_1.18.0/plugins/com.st.stm32cube.ide.mcu.externaltools.gnu-tools-for-stm32.13.3.rel1.linux64_1.0.0.202410170706/tools/bin/../lib/gcc/arm-none-eabi/13.3.1/../../../../arm-none-eabi/lib/thumb/v7-m/nofp/libc_nano.a(libc_a-sbrkr.o)
 .ARM.attributes
                0x00000719       0x2d /opt/st/stm32cubeide_1.18.0/plugins/com.st.stm32cube.ide.mcu.externaltools.gnu-tools-for-stm32.13.3.rel1.linux64_1.0.0.202410170706/tools/bin/../lib/gcc/arm-none-eabi/13.3.1/../../../../arm-none-eabi/lib/thumb/v7-m/nofp/libc_nano.a(libc_a-memchr-stub.o)
 .ARM.attributes
                0x00000746       0x2d /opt/st/stm32cubeide_1.18.0/plugins/com.st.stm32cube.ide.mcu.externaltools.gnu-tools-for-stm32.13.3.rel1.linux64_1.0.0.202410170706/tools/bin/../lib/gcc/arm-none-eabi/13.3.1/../../../../arm-none-eabi/lib/thumb/v7-m/nofp/libc_nano.a(libc_a-reallocr.o)
 .ARM.attributes
                0x00000773       0x2d /opt/st/stm32cubeide_1.18.0/plugins/com.st.stm32cube.ide.mcu.externaltools.gnu-tools-for-stm32.13.3.rel1.linux64_1.0.0.202410170706/tools/bin/../lib/gcc/arm-none-eabi/13.3.1/../../../../arm-none-eabi/lib/thumb/v7-m/nofp/libc_nano.a(libc_a-msizer.o)
 .ARM.attributes
                0x000007a0       0x1d /opt/st/stm32cubeide_1.18.0/plugins/com.st.stm32cube.ide.mcu.externaltools.gnu-tools-for-stm32.13.3.rel1.linux64_1.0.0.202410170706/tools/bin/../lib/gcc/arm-none-eabi/13.3.1/thumb/v7-m/nofp/crtn.o
OUTPUT(RTOS_RX.elf elf32-littlearm)
LOAD linker stubs
LOAD /opt/st/stm32cubeide_1.18.0/plugins/com.st.stm32cube.ide.mcu.externaltools.gnu-tools-for-stm32.13.3.rel1.linux64_1.0.0.202410170706/tools/bin/../lib/gcc/arm-none-eabi/13.3.1/../../../../arm-none-eabi/lib/thumb/v7-m/nofp/libc.a
LOAD /opt/st/stm32cubeide_1.18.0/plugins/com.st.stm32cube.ide.mcu.externaltools.gnu-tools-for-stm32.13.3.rel1.linux64_1.0.0.202410170706/tools/bin/../lib/gcc/arm-none-eabi/13.3.1/../../../../arm-none-eabi/lib/thumb/v7-m/nofp/libm.a
LOAD /opt/st/stm32cubeide_1.18.0/plugins/com.st.stm32cube.ide.mcu.externaltools.gnu-tools-for-stm32.13.3.rel1.linux64_1.0.0.202410170706/tools/bin/../lib/gcc/arm-none-eabi/13.3.1/thumb/v7-m/nofp/libgcc.a

.debug_info     0x00000000    0x138ed
 .debug_info    0x00000000      0x255 ./Core/Src/fonts.o
 .debug_info    0x00000255      0x919 ./Core/Src/freertos.o
 .debug_info    0x00000b6e     0x1a3b ./Core/Src/main.o
 .debug_info    0x000025a9     0x1028 ./Core/Src/ssd1306.o
 .debug_info    0x000035d1     0x12da ./Core/Src/stm32f1xx_hal_msp.o
 .debug_info    0x000048ab      0x99a ./Core/Src/stm32f1xx_hal_timebase_tim.o
 .debug_info    0x00005245      0xa35 ./Core/Src/stm32f1xx_it.o
 .debug_info    0x00005c7a      0x168 ./Core/Src/sysmem.o
 .debug_info    0x00005de2      0x222 ./Core/Src/system_stm32f1xx.o
 .debug_info    0x00006004       0x30 ./Core/Startup/startup_stm32f103cbtx.o
 .debug_info    0x00006034      0x704 ./Drivers/STM32F1xx_HAL_Driver/Src/stm32f1xx_hal.o
 .debug_info    0x00006738      0xf13 ./Drivers/STM32F1xx_HAL_Driver/Src/stm32f1xx_hal_can.o
 .debug_info    0x0000764b      0xa87 ./Drivers/STM32F1xx_HAL_Driver/Src/stm32f1xx_hal_cortex.o
 .debug_info    0x000080d2      0x5ab ./Drivers/STM32F1xx_HAL_Driver/Src/stm32f1xx_hal_gpio.o
 .debug_info    0x0000867d     0x2524 ./Drivers/STM32F1xx_HAL_Driver/Src/stm32f1xx_hal_i2c.o
 .debug_info    0x0000aba1      0x7d5 ./Drivers/STM32F1xx_HAL_Driver/Src/stm32f1xx_hal_rcc.o
 .debug_info    0x0000b376     0x2959 ./Drivers/STM32F1xx_HAL_Driver/Src/stm32f1xx_hal_tim.o
 .debug_info    0x0000dccf     0x149b ./Drivers/STM32F1xx_HAL_Driver/Src/stm32f1xx_hal_tim_ex.o
 .debug_info    0x0000f16a      0x2af ./Middlewares/Third_Party/FreeRTOS/Source/list.o
 .debug_info    0x0000f419     0x17cd ./Middlewares/Third_Party/FreeRTOS/Source/queue.o
 .debug_info    0x00010be6     0x239e ./Middlewares/Third_Party/FreeRTOS/Source/tasks.o
 .debug_info    0x00012f84      0x494 ./Middlewares/Third_Party/FreeRTOS/Source/portable/GCC/ARM_CM3/port.o
 .debug_info    0x00013418      0x4d5 ./Middlewares/Third_Party/FreeRTOS/Source/portable/MemMang/heap_4.o

.debug_abbrev   0x00000000     0x31c4
 .debug_abbrev  0x00000000      0x11c ./Core/Src/fonts.o
 .debug_abbrev  0x0000011c      0x16f ./Core/Src/freertos.o
 .debug_abbrev  0x0000028b      0x395 ./Core/Src/main.o
 .debug_abbrev  0x00000620      0x30d ./Core/Src/ssd1306.o
 .debug_abbrev  0x0000092d      0x290 ./Core/Src/stm32f1xx_hal_msp.o
 .debug_abbrev  0x00000bbd      0x1f3 ./Core/Src/stm32f1xx_hal_timebase_tim.o
 .debug_abbrev  0x00000db0      0x1d8 ./Core/Src/stm32f1xx_it.o
 .debug_abbrev  0x00000f88       0xbc ./Core/Src/sysmem.o
 .debug_abbrev  0x00001044      0x13f ./Core/Src/system_stm32f1xx.o
 .debug_abbrev  0x00001183       0x24 ./Core/Startup/startup_stm32f103cbtx.o
 .debug_abbrev  0x000011a7      0x201 ./Drivers/STM32F1xx_HAL_Driver/Src/stm32f1xx_hal.o
 .debug_abbrev  0x000013a8      0x21c ./Drivers/STM32F1xx_HAL_Driver/Src/stm32f1xx_hal_can.o
 .debug_abbrev  0x000015c4      0x2f8 ./Drivers/STM32F1xx_HAL_Driver/Src/stm32f1xx_hal_cortex.o
 .debug_abbrev  0x000018bc      0x1ca ./Drivers/STM32F1xx_HAL_Driver/Src/stm32f1xx_hal_gpio.o
 .debug_abbrev  0x00001a86      0x2a3 ./Drivers/STM32F1xx_HAL_Driver/Src/stm32f1xx_hal_i2c.o
 .debug_abbrev  0x00001d29      0x2b3 ./Drivers/STM32F1xx_HAL_Driver/Src/stm32f1xx_hal_rcc.o
 .debug_abbrev  0x00001fdc      0x277 ./Drivers/STM32F1xx_HAL_Driver/Src/stm32f1xx_hal_tim.o
 .debug_abbrev  0x00002253      0x282 ./Drivers/STM32F1xx_HAL_Driver/Src/stm32f1xx_hal_tim_ex.o
 .debug_abbrev  0x000024d5       0xf5 ./Middlewares/Third_Party/FreeRTOS/Source/list.o
 .debug_abbrev  0x000025ca      0x3b5 ./Middlewares/Third_Party/FreeRTOS/Source/queue.o
 .debug_abbrev  0x0000297f      0x3d0 ./Middlewares/Third_Party/FreeRTOS/Source/tasks.o
 .debug_abbrev  0x00002d4f      0x258 ./Middlewares/Third_Party/FreeRTOS/Source/portable/GCC/ARM_CM3/port.o
 .debug_abbrev  0x00002fa7      0x21d ./Middlewares/Third_Party/FreeRTOS/Source/portable/MemMang/heap_4.o

.debug_aranges  0x00000000     0x12d0
 .debug_aranges
                0x00000000       0x20 ./Core/Src/fonts.o
 .debug_aranges
                0x00000020       0x20 ./Core/Src/freertos.o
 .debug_aranges
                0x00000040       0x88 ./Core/Src/main.o
 .debug_aranges
                0x000000c8       0xf8 ./Core/Src/ssd1306.o
 .debug_aranges
                0x000001c0       0x68 ./Core/Src/stm32f1xx_hal_msp.o
 .debug_aranges
                0x00000228       0x30 ./Core/Src/stm32f1xx_hal_timebase_tim.o
 .debug_aranges
                0x00000258       0x58 ./Core/Src/stm32f1xx_it.o
 .debug_aranges
                0x000002b0       0x20 ./Core/Src/sysmem.o
 .debug_aranges
                0x000002d0       0x28 ./Core/Src/system_stm32f1xx.o
 .debug_aranges
                0x000002f8       0x28 ./Core/Startup/startup_stm32f103cbtx.o
 .debug_aranges
                0x00000320       0xe0 ./Drivers/STM32F1xx_HAL_Driver/Src/stm32f1xx_hal.o
 .debug_aranges
                0x00000400      0x138 ./Drivers/STM32F1xx_HAL_Driver/Src/stm32f1xx_hal_can.o
 .debug_aranges
                0x00000538      0x100 ./Drivers/STM32F1xx_HAL_Driver/Src/stm32f1xx_hal_cortex.o
 .debug_aranges
                0x00000638       0x58 ./Drivers/STM32F1xx_HAL_Driver/Src/stm32f1xx_hal_gpio.o
 .debug_aranges
                0x00000690      0x2a8 ./Drivers/STM32F1xx_HAL_Driver/Src/stm32f1xx_hal_i2c.o
 .debug_aranges
                0x00000938       0x90 ./Drivers/STM32F1xx_HAL_Driver/Src/stm32f1xx_hal_rcc.o
 .debug_aranges
                0x000009c8      0x3d0 ./Drivers/STM32F1xx_HAL_Driver/Src/stm32f1xx_hal_tim.o
 .debug_aranges
                0x00000d98      0x168 ./Drivers/STM32F1xx_HAL_Driver/Src/stm32f1xx_hal_tim_ex.o
 .debug_aranges
                0x00000f00       0x40 ./Middlewares/Third_Party/FreeRTOS/Source/list.o
 .debug_aranges
                0x00000f40      0x108 ./Middlewares/Third_Party/FreeRTOS/Source/queue.o
 .debug_aranges
                0x00001048      0x1b8 ./Middlewares/Third_Party/FreeRTOS/Source/tasks.o
 .debug_aranges
                0x00001200       0x78 ./Middlewares/Third_Party/FreeRTOS/Source/portable/GCC/ARM_CM3/port.o
 .debug_aranges
                0x00001278       0x58 ./Middlewares/Third_Party/FreeRTOS/Source/portable/MemMang/heap_4.o

.debug_rnglists
                0x00000000      0xe9f
 .debug_rnglists
                0x00000000       0x13 ./Core/Src/fonts.o
 .debug_rnglists
                0x00000013       0x13 ./Core/Src/freertos.o
 .debug_rnglists
                0x00000026       0x68 ./Core/Src/main.o
 .debug_rnglists
                0x0000008e       0xc2 ./Core/Src/ssd1306.o
 .debug_rnglists
                0x00000150       0x4b ./Core/Src/stm32f1xx_hal_msp.o
 .debug_rnglists
                0x0000019b       0x20 ./Core/Src/stm32f1xx_hal_timebase_tim.o
 .debug_rnglists
                0x000001bb       0x3d ./Core/Src/stm32f1xx_it.o
 .debug_rnglists
                0x000001f8       0x13 ./Core/Src/sysmem.o
 .debug_rnglists
                0x0000020b       0x1a ./Core/Src/system_stm32f1xx.o
 .debug_rnglists
                0x00000225       0x19 ./Core/Startup/startup_stm32f103cbtx.o
 .debug_rnglists
                0x0000023e       0xa3 ./Drivers/STM32F1xx_HAL_Driver/Src/stm32f1xx_hal.o
 .debug_rnglists
                0x000002e1       0xed ./Drivers/STM32F1xx_HAL_Driver/Src/stm32f1xx_hal_can.o
 .debug_rnglists
                0x000003ce       0xbb ./Drivers/STM32F1xx_HAL_Driver/Src/stm32f1xx_hal_cortex.o
 .debug_rnglists
                0x00000489       0x3f ./Drivers/STM32F1xx_HAL_Driver/Src/stm32f1xx_hal_gpio.o
 .debug_rnglists
                0x000004c8      0x23c ./Drivers/STM32F1xx_HAL_Driver/Src/stm32f1xx_hal_i2c.o
 .debug_rnglists
                0x00000704       0x6c ./Drivers/STM32F1xx_HAL_Driver/Src/stm32f1xx_hal_rcc.o
 .debug_rnglists
                0x00000770      0x31a ./Drivers/STM32F1xx_HAL_Driver/Src/stm32f1xx_hal_tim.o
 .debug_rnglists
                0x00000a8a      0x125 ./Drivers/STM32F1xx_HAL_Driver/Src/stm32f1xx_hal_tim_ex.o
 .debug_rnglists
                0x00000baf       0x2b ./Middlewares/Third_Party/FreeRTOS/Source/list.o
 .debug_rnglists
                0x00000bda       0xcd ./Middlewares/Third_Party/FreeRTOS/Source/queue.o
 .debug_rnglists
                0x00000ca7      0x15f ./Middlewares/Third_Party/FreeRTOS/Source/tasks.o
 .debug_rnglists
                0x00000e06       0x57 ./Middlewares/Third_Party/FreeRTOS/Source/portable/GCC/ARM_CM3/port.o
 .debug_rnglists
                0x00000e5d       0x42 ./Middlewares/Third_Party/FreeRTOS/Source/portable/MemMang/heap_4.o

.debug_macro    0x00000000    0x1a125
 .debug_macro   0x00000000      0x285 ./Core/Src/fonts.o
 .debug_macro   0x00000285      0xacc ./Core/Src/fonts.o
 .debug_macro   0x00000d51      0x221 ./Core/Src/fonts.o
 .debug_macro   0x00000f72       0x2e ./Core/Src/fonts.o
 .debug_macro   0x00000fa0       0x22 ./Core/Src/fonts.o
 .debug_macro   0x00000fc2       0x22 ./Core/Src/fonts.o
 .debug_macro   0x00000fe4       0x8e ./Core/Src/fonts.o
 .debug_macro   0x00001072       0x51 ./Core/Src/fonts.o
 .debug_macro   0x000010c3      0x103 ./Core/Src/fonts.o
 .debug_macro   0x000011c6       0x6a ./Core/Src/fonts.o
 .debug_macro   0x00001230      0x1df ./Core/Src/fonts.o
 .debug_macro   0x0000140f       0x1c ./Core/Src/fonts.o
 .debug_macro   0x0000142b       0x22 ./Core/Src/fonts.o
 .debug_macro   0x0000144d       0xbd ./Core/Src/fonts.o
 .debug_macro   0x0000150a      0xd23 ./Core/Src/fonts.o
 .debug_macro   0x0000222d     0xe09e ./Core/Src/fonts.o
 .debug_macro   0x000102cb       0x6d ./Core/Src/fonts.o
 .debug_macro   0x00010338     0x34a2 ./Core/Src/fonts.o
 .debug_macro   0x000137da      0x190 ./Core/Src/fonts.o
 .debug_macro   0x0001396a       0x5c ./Core/Src/fonts.o
 .debug_macro   0x000139c6      0x5bc ./Core/Src/fonts.o
 .debug_macro   0x00013f82      0x289 ./Core/Src/fonts.o
 .debug_macro   0x0001420b      0x1cb ./Core/Src/fonts.o
 .debug_macro   0x000143d6      0x114 ./Core/Src/fonts.o
 .debug_macro   0x000144ea      0x1b2 ./Core/Src/fonts.o
 .debug_macro   0x0001469c       0x27 ./Core/Src/fonts.o
 .debug_macro   0x000146c3      0x136 ./Core/Src/fonts.o
 .debug_macro   0x000147f9      0x1bc ./Core/Src/fonts.o
 .debug_macro   0x000149b5       0x34 ./Core/Src/fonts.o
 .debug_macro   0x000149e9       0x3c ./Core/Src/fonts.o
 .debug_macro   0x00014a25      0x408 ./Core/Src/fonts.o
 .debug_macro   0x00014e2d       0x57 ./Core/Src/fonts.o
 .debug_macro   0x00014e84       0x87 ./Core/Src/fonts.o
 .debug_macro   0x00014f0b      0x240 ./Core/Src/fonts.o
 .debug_macro   0x0001514b      0x287 ./Core/Src/fonts.o
 .debug_macro   0x000153d2      0x140 ./Core/Src/fonts.o
 .debug_macro   0x00015512      0x8ed ./Core/Src/fonts.o
 .debug_macro   0x00015dff       0x83 ./Core/Src/fonts.o
 .debug_macro   0x00015e82       0x61 ./Core/Src/fonts.o
 .debug_macro   0x00015ee3       0x24 ./Core/Src/fonts.o
 .debug_macro   0x00015f07       0x43 ./Core/Src/fonts.o
 .debug_macro   0x00015f4a       0x34 ./Core/Src/fonts.o
 .debug_macro   0x00015f7e      0x370 ./Core/Src/fonts.o
 .debug_macro   0x000162ee       0x16 ./Core/Src/fonts.o
 .debug_macro   0x00016304       0x4a ./Core/Src/fonts.o
 .debug_macro   0x0001634e       0x34 ./Core/Src/fonts.o
 .debug_macro   0x00016382       0x10 ./Core/Src/fonts.o
 .debug_macro   0x00016392       0x58 ./Core/Src/fonts.o
 .debug_macro   0x000163ea       0x8e ./Core/Src/fonts.o
 .debug_macro   0x00016478       0x1c ./Core/Src/fonts.o
 .debug_macro   0x00016494      0x185 ./Core/Src/fonts.o
 .debug_macro   0x00016619       0x10 ./Core/Src/fonts.o
 .debug_macro   0x00016629       0x3c ./Core/Src/fonts.o
 .debug_macro   0x00016665       0x20 ./Core/Src/fonts.o
 .debug_macro   0x00016685      0x2cf ./Core/Src/freertos.o
 .debug_macro   0x00016954       0xf1 ./Core/Src/freertos.o
 .debug_macro   0x00016a45      0x15a ./Core/Src/freertos.o
 .debug_macro   0x00016b9f       0xde ./Core/Src/freertos.o
 .debug_macro   0x00016c7d       0x1c ./Core/Src/freertos.o
 .debug_macro   0x00016c99       0x26 ./Core/Src/freertos.o
 .debug_macro   0x00016cbf       0x10 ./Core/Src/freertos.o
 .debug_macro   0x00016ccf      0x4fe ./Core/Src/freertos.o
 .debug_macro   0x000171cd       0xb5 ./Core/Src/freertos.o
 .debug_macro   0x00017282       0xaa ./Core/Src/freertos.o
 .debug_macro   0x0001732c       0x56 ./Core/Src/freertos.o
 .debug_macro   0x00017382      0x3ac ./Core/Src/main.o
 .debug_macro   0x0001772e       0xf1 ./Core/Src/main.o
 .debug_macro   0x0001781f       0x87 ./Core/Src/main.o
 .debug_macro   0x000178a6       0x7e ./Core/Src/main.o
 .debug_macro   0x00017924       0x16 ./Core/Src/main.o
 .debug_macro   0x0001793a       0x16 ./Core/Src/main.o
 .debug_macro   0x00017950       0x16 ./Core/Src/main.o
 .debug_macro   0x00017966       0x29 ./Core/Src/main.o
 .debug_macro   0x0001798f       0x1d ./Core/Src/main.o
 .debug_macro   0x000179ac       0x1c ./Core/Src/main.o
 .debug_macro   0x000179c8       0x10 ./Core/Src/main.o
 .debug_macro   0x000179d8       0x1c ./Core/Src/main.o
 .debug_macro   0x000179f4       0x16 ./Core/Src/main.o
 .debug_macro   0x00017a0a      0x146 ./Core/Src/main.o
 .debug_macro   0x00017b50      0x310 ./Core/Src/ssd1306.o
 .debug_macro   0x00017e60      0x1b7 ./Core/Src/stm32f1xx_hal_msp.o
 .debug_macro   0x00018017      0x1ad ./Core/Src/stm32f1xx_hal_timebase_tim.o
 .debug_macro   0x000181c4      0x1c1 ./Core/Src/stm32f1xx_it.o
 .debug_macro   0x00018385      0x112 ./Core/Src/sysmem.o
 .debug_macro   0x00018497      0x23c ./Core/Src/sysmem.o
 .debug_macro   0x000186d3      0x1ad ./Core/Src/system_stm32f1xx.o
 .debug_macro   0x00018880      0x1d1 ./Drivers/STM32F1xx_HAL_Driver/Src/stm32f1xx_hal.o
 .debug_macro   0x00018a51      0x1bc ./Drivers/STM32F1xx_HAL_Driver/Src/stm32f1xx_hal_can.o
 .debug_macro   0x00018c0d      0x1ad ./Drivers/STM32F1xx_HAL_Driver/Src/stm32f1xx_hal_cortex.o
 .debug_macro   0x00018dba      0x218 ./Drivers/STM32F1xx_HAL_Driver/Src/stm32f1xx_hal_gpio.o
 .debug_macro   0x00018fd2      0x1fb ./Drivers/STM32F1xx_HAL_Driver/Src/stm32f1xx_hal_i2c.o
 .debug_macro   0x000191cd      0x1bf ./Drivers/STM32F1xx_HAL_Driver/Src/stm32f1xx_hal_rcc.o
 .debug_macro   0x0001938c      0x1ae ./Drivers/STM32F1xx_HAL_Driver/Src/stm32f1xx_hal_tim.o
 .debug_macro   0x0001953a      0x1ad ./Drivers/STM32F1xx_HAL_Driver/Src/stm32f1xx_hal_tim_ex.o
 .debug_macro   0x000196e7      0x199 ./Middlewares/Third_Party/FreeRTOS/Source/list.o
 .debug_macro   0x00019880      0x228 ./Middlewares/Third_Party/FreeRTOS/Source/queue.o
 .debug_macro   0x00019aa8      0x28b ./Middlewares/Third_Party/FreeRTOS/Source/tasks.o
 .debug_macro   0x00019d33       0x10 ./Middlewares/Third_Party/FreeRTOS/Source/tasks.o
 .debug_macro   0x00019d43      0x222 ./Middlewares/Third_Party/FreeRTOS/Source/portable/GCC/ARM_CM3/port.o
 .debug_macro   0x00019f65      0x1c0 ./Middlewares/Third_Party/FreeRTOS/Source/portable/MemMang/heap_4.o

.debug_line     0x00000000    0x153fe
 .debug_line    0x00000000      0x7b3 ./Core/Src/fonts.o
 .debug_line    0x000007b3      0x87f ./Core/Src/freertos.o
 .debug_line    0x00001032      0xc70 ./Core/Src/main.o
 .debug_line    0x00001ca2      0xf22 ./Core/Src/ssd1306.o
 .debug_line    0x00002bc4      0x7a8 ./Core/Src/stm32f1xx_hal_msp.o
 .debug_line    0x0000336c      0x6c4 ./Core/Src/stm32f1xx_hal_timebase_tim.o
 .debug_line    0x00003a30      0x6f8 ./Core/Src/stm32f1xx_it.o
 .debug_line    0x00004128      0x4bd ./Core/Src/sysmem.o
 .debug_line    0x000045e5      0x6d6 ./Core/Src/system_stm32f1xx.o
 .debug_line    0x00004cbb       0x78 ./Core/Startup/startup_stm32f103cbtx.o
 .debug_line    0x00004d33      0x907 ./Drivers/STM32F1xx_HAL_Driver/Src/stm32f1xx_hal.o
 .debug_line    0x0000563a     0x1100 ./Drivers/STM32F1xx_HAL_Driver/Src/stm32f1xx_hal_can.o
 .debug_line    0x0000673a      0xad1 ./Drivers/STM32F1xx_HAL_Driver/Src/stm32f1xx_hal_cortex.o
 .debug_line    0x0000720b      0x964 ./Drivers/STM32F1xx_HAL_Driver/Src/stm32f1xx_hal_gpio.o
 .debug_line    0x00007b6f     0x3b04 ./Drivers/STM32F1xx_HAL_Driver/Src/stm32f1xx_hal_i2c.o
 .debug_line    0x0000b673      0xdc0 ./Drivers/STM32F1xx_HAL_Driver/Src/stm32f1xx_hal_rcc.o
 .debug_line    0x0000c433     0x33f5 ./Drivers/STM32F1xx_HAL_Driver/Src/stm32f1xx_hal_tim.o
 .debug_line    0x0000f828     0x17cb ./Drivers/STM32F1xx_HAL_Driver/Src/stm32f1xx_hal_tim_ex.o
 .debug_line    0x00010ff3      0x6cb ./Middlewares/Third_Party/FreeRTOS/Source/list.o
 .debug_line    0x000116be     0x140f ./Middlewares/Third_Party/FreeRTOS/Source/queue.o
 .debug_line    0x00012acd     0x1827 ./Middlewares/Third_Party/FreeRTOS/Source/tasks.o
 .debug_line    0x000142f4      0x829 ./Middlewares/Third_Party/FreeRTOS/Source/portable/GCC/ARM_CM3/port.o
 .debug_line    0x00014b1d      0x8e1 ./Middlewares/Third_Party/FreeRTOS/Source/portable/MemMang/heap_4.o

.debug_str      0x00000000    0x95624
 .debug_str     0x00000000    0x95624 ./Core/Src/fonts.o
                              0x887bd (size before relaxing)
 .debug_str     0x00095624    0x8c8e1 ./Core/Src/freertos.o
 .debug_str     0x00095624    0x8ef8d ./Core/Src/main.o
 .debug_str     0x00095624    0x8928a ./Core/Src/ssd1306.o
 .debug_str     0x00095624    0x863a3 ./Core/Src/stm32f1xx_hal_msp.o
 .debug_str     0x00095624    0x85e86 ./Core/Src/stm32f1xx_hal_timebase_tim.o
 .debug_str     0x00095624    0x85cfa ./Core/Src/stm32f1xx_it.o
 .debug_str     0x00095624     0x7725 ./Core/Src/sysmem.o
 .debug_str     0x00095624    0x855ce ./Core/Src/system_stm32f1xx.o
 .debug_str     0x00095624       0x7f ./Core/Startup/startup_stm32f103cbtx.o
 .debug_str     0x00095624    0x85d01 ./Drivers/STM32F1xx_HAL_Driver/Src/stm32f1xx_hal.o
 .debug_str     0x00095624    0x85dd6 ./Drivers/STM32F1xx_HAL_Driver/Src/stm32f1xx_hal_can.o
 .debug_str     0x00095624    0x85c4d ./Drivers/STM32F1xx_HAL_Driver/Src/stm32f1xx_hal_cortex.o
 .debug_str     0x00095624    0x85954 ./Drivers/STM32F1xx_HAL_Driver/Src/stm32f1xx_hal_gpio.o
 .debug_str     0x00095624    0x86695 ./Drivers/STM32F1xx_HAL_Driver/Src/stm32f1xx_hal_i2c.o
 .debug_str     0x00095624    0x859fd ./Drivers/STM32F1xx_HAL_Driver/Src/stm32f1xx_hal_rcc.o
 .debug_str     0x00095624    0x869ff ./Drivers/STM32F1xx_HAL_Driver/Src/stm32f1xx_hal_tim.o
 .debug_str     0x00095624    0x8620b ./Drivers/STM32F1xx_HAL_Driver/Src/stm32f1xx_hal_tim_ex.o
 .debug_str     0x00095624     0xabed ./Middlewares/Third_Party/FreeRTOS/Source/list.o
 .debug_str     0x00095624     0xc580 ./Middlewares/Third_Party/FreeRTOS/Source/queue.o
 .debug_str     0x00095624     0xd2a7 ./Middlewares/Third_Party/FreeRTOS/Source/tasks.o
 .debug_str     0x00095624     0xb812 ./Middlewares/Third_Party/FreeRTOS/Source/portable/GCC/ARM_CM3/port.o
 .debug_str     0x00095624     0xb52f ./Middlewares/Third_Party/FreeRTOS/Source/portable/MemMang/heap_4.o

.comment        0x00000000       0x43
 .comment       0x00000000       0x43 ./Core/Src/fonts.o
                                 0x44 (size before relaxing)
 .comment       0x00000043       0x44 ./Core/Src/freertos.o
 .comment       0x00000043       0x44 ./Core/Src/main.o
 .comment       0x00000043       0x44 ./Core/Src/ssd1306.o
 .comment       0x00000043       0x44 ./Core/Src/stm32f1xx_hal_msp.o
 .comment       0x00000043       0x44 ./Core/Src/stm32f1xx_hal_timebase_tim.o
 .comment       0x00000043       0x44 ./Core/Src/stm32f1xx_it.o
 .comment       0x00000043       0x44 ./Core/Src/sysmem.o
 .comment       0x00000043       0x44 ./Core/Src/system_stm32f1xx.o
 .comment       0x00000043       0x44 ./Drivers/STM32F1xx_HAL_Driver/Src/stm32f1xx_hal.o
 .comment       0x00000043       0x44 ./Drivers/STM32F1xx_HAL_Driver/Src/stm32f1xx_hal_can.o
 .comment       0x00000043       0x44 ./Drivers/STM32F1xx_HAL_Driver/Src/stm32f1xx_hal_cortex.o
 .comment       0x00000043       0x44 ./Drivers/STM32F1xx_HAL_Driver/Src/stm32f1xx_hal_gpio.o
 .comment       0x00000043       0x44 ./Drivers/STM32F1xx_HAL_Driver/Src/stm32f1xx_hal_i2c.o
 .comment       0x00000043       0x44 ./Drivers/STM32F1xx_HAL_Driver/Src/stm32f1xx_hal_rcc.o
 .comment       0x00000043       0x44 ./Drivers/STM32F1xx_HAL_Driver/Src/stm32f1xx_hal_tim.o
 .comment       0x00000043       0x44 ./Drivers/STM32F1xx_HAL_Driver/Src/stm32f1xx_hal_tim_ex.o
 .comment       0x00000043       0x44 ./Middlewares/Third_Party/FreeRTOS/Source/list.o
 .comment       0x00000043       0x44 ./Middlewares/Third_Party/FreeRTOS/Source/queue.o
 .comment       0x00000043       0x44 ./Middlewares/Third_Party/FreeRTOS/Source/tasks.o
 .comment       0x00000043       0x44 ./Middlewares/Third_Party/FreeRTOS/Source/portable/GCC/ARM_CM3/port.o
 .comment       0x00000043       0x44 ./Middlewares/Third_Party/FreeRTOS/Source/portable/MemMang/heap_4.o

.debug_frame    0x00000000     0x53c8
 .debug_frame   0x00000000       0x38 ./Core/Src/fonts.o
 .debug_frame   0x00000038       0x38 ./Core/Src/freertos.o
 .debug_frame   0x00000070      0x1d8 ./Core/Src/main.o
 .debug_frame   0x00000248      0x414 ./Core/Src/ssd1306.o
 .debug_frame   0x0000065c      0x180 ./Core/Src/stm32f1xx_hal_msp.o
 .debug_frame   0x000007dc       0x74 ./Core/Src/stm32f1xx_hal_timebase_tim.o
 .debug_frame   0x00000850       0xe0 ./Core/Src/stm32f1xx_it.o
 .debug_frame   0x00000930       0x34 ./Core/Src/sysmem.o
 .debug_frame   0x00000964       0x58 ./Core/Src/system_stm32f1xx.o
 .debug_frame   0x000009bc      0x334 ./Drivers/STM32F1xx_HAL_Driver/Src/stm32f1xx_hal.o
 .debug_frame   0x00000cf0      0x5a0 ./Drivers/STM32F1xx_HAL_Driver/Src/stm32f1xx_hal_can.o
 .debug_frame   0x00001290      0x428 ./Drivers/STM32F1xx_HAL_Driver/Src/stm32f1xx_hal_cortex.o
 .debug_frame   0x000016b8      0x14c ./Drivers/STM32F1xx_HAL_Driver/Src/stm32f1xx_hal_gpio.o